Archive member included because of file (symbol)

/tools/altera/12.0/nios2eds/bin/gnu/H-i686-pc-linux-gnu/bin/../lib/gcc/nios2-elf/4.1.2/mno-hw-mul/libgcc.a(lib2-divmod.o)
                              obj/default/SD_card_controller.o (__divsi3)
/tools/altera/12.0/nios2eds/bin/gnu/H-i686-pc-linux-gnu/bin/../lib/gcc/nios2-elf/4.1.2/mno-hw-mul/libgcc.a(lib2-mul.o)
                              obj/default/PB_button.o (__mulsi3)
/tools/altera/12.0/nios2eds/bin/gnu/H-i686-pc-linux-gnu/bin/../lib/gcc/nios2-elf/4.1.2/../../../../nios2-elf/lib/mno-hw-mul/libc.a(lib_a-printf.o)
                              obj/default/PB_button.o (printf)
/tools/altera/12.0/nios2eds/bin/gnu/H-i686-pc-linux-gnu/bin/../lib/gcc/nios2-elf/4.1.2/../../../../nios2-elf/lib/mno-hw-mul/libc.a(lib_a-puts.o)
                              obj/default/LCD_Camera_TouchPanel.o (puts)
/tools/altera/12.0/nios2eds/bin/gnu/H-i686-pc-linux-gnu/bin/../lib/gcc/nios2-elf/4.1.2/../../../../nios2-elf/lib/mno-hw-mul/libc.a(lib_a-sprintf.o)
                              obj/default/experiment3.o (sprintf)
/tools/altera/12.0/nios2eds/bin/gnu/H-i686-pc-linux-gnu/bin/../lib/gcc/nios2-elf/4.1.2/../../../../nios2-elf/lib/mno-hw-mul/libc.a(lib_a-strlen.o)
                              obj/default/SD_card_controller.o (strlen)
/tools/altera/12.0/nios2eds/bin/gnu/H-i686-pc-linux-gnu/bin/../lib/gcc/nios2-elf/4.1.2/../../../../nios2-elf/lib/mno-hw-mul/libc.a(lib_a-vfprintf.o)
                              /tools/altera/12.0/nios2eds/bin/gnu/H-i686-pc-linux-gnu/bin/../lib/gcc/nios2-elf/4.1.2/../../../../nios2-elf/lib/mno-hw-mul/libc.a(lib_a-printf.o) (___vfprintf_internal_r)
/tools/altera/12.0/nios2eds/bin/gnu/H-i686-pc-linux-gnu/bin/../lib/gcc/nios2-elf/4.1.2/../../../../nios2-elf/lib/mno-hw-mul/libc.a(lib_a-wsetup.o)
                              /tools/altera/12.0/nios2eds/bin/gnu/H-i686-pc-linux-gnu/bin/../lib/gcc/nios2-elf/4.1.2/../../../../nios2-elf/lib/mno-hw-mul/libc.a(lib_a-vfprintf.o) (__swsetup_r)
/tools/altera/12.0/nios2eds/bin/gnu/H-i686-pc-linux-gnu/bin/../lib/gcc/nios2-elf/4.1.2/../../../../nios2-elf/lib/mno-hw-mul/libc.a(lib_a-dtoa.o)
                              /tools/altera/12.0/nios2eds/bin/gnu/H-i686-pc-linux-gnu/bin/../lib/gcc/nios2-elf/4.1.2/../../../../nios2-elf/lib/mno-hw-mul/libc.a(lib_a-vfprintf.o) (_dtoa_r)
/tools/altera/12.0/nios2eds/bin/gnu/H-i686-pc-linux-gnu/bin/../lib/gcc/nios2-elf/4.1.2/../../../../nios2-elf/lib/mno-hw-mul/libc.a(lib_a-fflush.o)
                              /tools/altera/12.0/nios2eds/bin/gnu/H-i686-pc-linux-gnu/bin/../lib/gcc/nios2-elf/4.1.2/../../../../nios2-elf/lib/mno-hw-mul/libc.a(lib_a-vfprintf.o) (_fflush_r)
/tools/altera/12.0/nios2eds/bin/gnu/H-i686-pc-linux-gnu/bin/../lib/gcc/nios2-elf/4.1.2/../../../../nios2-elf/lib/mno-hw-mul/libc.a(lib_a-findfp.o)
                              /tools/altera/12.0/nios2eds/bin/gnu/H-i686-pc-linux-gnu/bin/../lib/gcc/nios2-elf/4.1.2/../../../../nios2-elf/lib/mno-hw-mul/libc.a(lib_a-vfprintf.o) (__sinit)
/tools/altera/12.0/nios2eds/bin/gnu/H-i686-pc-linux-gnu/bin/../lib/gcc/nios2-elf/4.1.2/../../../../nios2-elf/lib/mno-hw-mul/libc.a(lib_a-freer.o)
                              /tools/altera/12.0/nios2eds/bin/gnu/H-i686-pc-linux-gnu/bin/../lib/gcc/nios2-elf/4.1.2/../../../../nios2-elf/lib/mno-hw-mul/libc.a(lib_a-wsetup.o) (_free_r)
/tools/altera/12.0/nios2eds/bin/gnu/H-i686-pc-linux-gnu/bin/../lib/gcc/nios2-elf/4.1.2/../../../../nios2-elf/lib/mno-hw-mul/libc.a(lib_a-fvwrite.o)
                              /tools/altera/12.0/nios2eds/bin/gnu/H-i686-pc-linux-gnu/bin/../lib/gcc/nios2-elf/4.1.2/../../../../nios2-elf/lib/mno-hw-mul/libc.a(lib_a-puts.o) (__sfvwrite_r)
/tools/altera/12.0/nios2eds/bin/gnu/H-i686-pc-linux-gnu/bin/../lib/gcc/nios2-elf/4.1.2/../../../../nios2-elf/lib/mno-hw-mul/libc.a(lib_a-fwalk.o)
                              /tools/altera/12.0/nios2eds/bin/gnu/H-i686-pc-linux-gnu/bin/../lib/gcc/nios2-elf/4.1.2/../../../../nios2-elf/lib/mno-hw-mul/libc.a(lib_a-fflush.o) (_fwalk_reent)
/tools/altera/12.0/nios2eds/bin/gnu/H-i686-pc-linux-gnu/bin/../lib/gcc/nios2-elf/4.1.2/../../../../nios2-elf/lib/mno-hw-mul/libc.a(lib_a-impure.o)
                              /tools/altera/12.0/nios2eds/bin/gnu/H-i686-pc-linux-gnu/bin/../lib/gcc/nios2-elf/4.1.2/../../../../nios2-elf/lib/mno-hw-mul/libc.a(lib_a-printf.o) (_impure_ptr)
/tools/altera/12.0/nios2eds/bin/gnu/H-i686-pc-linux-gnu/bin/../lib/gcc/nios2-elf/4.1.2/../../../../nios2-elf/lib/mno-hw-mul/libc.a(lib_a-locale.o)
                              /tools/altera/12.0/nios2eds/bin/gnu/H-i686-pc-linux-gnu/bin/../lib/gcc/nios2-elf/4.1.2/../../../../nios2-elf/lib/mno-hw-mul/libc.a(lib_a-vfprintf.o) (_localeconv_r)
/tools/altera/12.0/nios2eds/bin/gnu/H-i686-pc-linux-gnu/bin/../lib/gcc/nios2-elf/4.1.2/../../../../nios2-elf/lib/mno-hw-mul/libc.a(lib_a-makebuf.o)
[...]
Memory Configuration

Name             Origin             Length             Attributes
reset            0x00080000         0x00000020
sram_0           0x00080020         0x0007ffe0
Nios_LCD_Camera_Component_0_Imageline 0x00100000         0x00002000
Nios_LCD_Camera_Component_0_Console 0x00102000         0x00002000
Nios_LCD_Camera_Component_0_Camera 0x00105400         0x00000040
Nios_LCD_Camera_Component_0_Touchpanel 0x00105440         0x00000040
*default*        0x00000000         0xffffffff

Linker script and memory map

LOAD ../experiment3_bsp//obj/HAL/src/crt0.o
LOAD obj/default/LCD_Camera_TouchPanel.o
LOAD obj/default/PB_button.o
LOAD obj/default/SD_card_controller.o
LOAD obj/default/experiment3.o
LOAD /tools/altera/12.0/nios2eds/bin/gnu/H-i686-pc-linux-gnu/bin/../lib/gcc/nios2-elf/4.1.2/../../../../nios2-elf/lib/mno-hw-mul/libstdc++.a
LOAD /tools/altera/12.0/nios2eds/bin/gnu/H-i686-pc-linux-gnu/bin/../lib/gcc/nios2-elf/4.1.2/../../../../nios2-elf/lib/mno-hw-mul/libm.a
LOAD /tools/altera/12.0/nios2eds/bin/gnu/H-i686-pc-linux-gnu/bin/../lib/gcc/nios2-elf/4.1.2/mno-hw-mul/libgcc.a
START GROUP
LOAD /tools/altera/12.0/nios2eds/bin/gnu/H-i686-pc-linux-gnu/bin/../lib/gcc/nios2-elf/4.1.2/../../../../nios2-elf/lib/mno-hw-mul/libc.a
LOAD /tools/altera/12.0/nios2eds/bin/gnu/H-i686-pc-linux-gnu/bin/../lib/gcc/nios2-elf/4.1.2/mno-hw-mul/libgcc.a
LOAD ../experiment3_bsp//libhal_bsp.a
END GROUP
LOAD /tools/altera/12.0/nios2eds/bin/gnu/H-i686-pc-linux-gnu/bin/../lib/gcc/nios2-elf/4.1.2/mno-hw-mul/libgcc.a
                0x00080000                __alt_mem_sram_0 = 0x80000
                0x00100000                __alt_mem_Nios_LCD_Camera_Component_0_Imageline = 0x100000
                0x00102000                __alt_mem_Nios_LCD_Camera_Component_0_Console = 0x102000
                0x00105400                __alt_mem_Nios_LCD_Camera_Component_0_Camera = 0x105400
                0x00105440                __alt_mem_Nios_LCD_Camera_Component_0_Touchpanel = 0x105440

.entry          0x00080000       0x20
 *(.entry)
 .entry         0x00080000       0x20 ../experiment3_bsp//obj/HAL/src/crt0.o
                0x00080000                __reset

.exceptions     0x00080020      0x194
                0x00080020                PROVIDE (__ram_exceptions_start, ABSOLUTE (.))
                0x00080020                . = ALIGN (0x20)
 *(.irq)
 *(.exceptions.entry.label)
 .exceptions.entry.label
                0x00080020        0x0 ../experiment3_bsp//libhal_bsp.a(alt_irq_entry.o)
                0x00080020                alt_irq_entry
 .exceptions.entry.label
                0x00080020        0x0 ../experiment3_bsp//libhal_bsp.a(alt_exception_entry.o)
                0x00080020                alt_exception
 *(.exceptions.entry.user)
 *(.exceptions.entry)
 .exceptions.entry
                0x00080020       0x54 ../experiment3_bsp//libhal_bsp.a(alt_exception_entry.o)
 *(.exceptions.irqtest.user)
 *(.exceptions.irqtest)
 .exceptions.irqtest
                0x00080074       0x10 ../experiment3_bsp//libhal_bsp.a(alt_irq_entry.o)
 *(.exceptions.irqhandler.user)
 *(.exceptions.irqhandler)
 .exceptions.irqhandler
                0x00080084        0x4 ../experiment3_bsp//libhal_bsp.a(alt_irq_entry.o)
 *(.exceptions.irqreturn.user)
 *(.exceptions.irqreturn)
 .exceptions.irqreturn
                0x00080088        0x4 ../experiment3_bsp//libhal_bsp.a(alt_irq_entry.o)
 *(.exceptions.notirq.label)
 .exceptions.notirq.label
                0x0008008c        0x0 ../experiment3_bsp//libhal_bsp.a(alt_irq_entry.o)
 *(.exceptions.notirq.user)
 *(.exceptions.notirq)
 .exceptions.notirq
                0x0008008c        0x8 ../experiment3_bsp//libhal_bsp.a(alt_exception_entry.o)
 *(.exceptions.soft.user)
 *(.exceptions.soft)
 *(.exceptions.unknown.user)
 *(.exceptions.unknown)
 .exceptions.unknown
                0x00080094        0x4 ../experiment3_bsp//libhal_bsp.a(alt_exception_entry.o)
 *(.exceptions.exit.label)
 .exceptions.exit.label
                0x00080098        0x0 ../experiment3_bsp//libhal_bsp.a(alt_irq_entry.o)
 .exceptions.exit.label
                0x00080098        0x0 ../experiment3_bsp//libhal_bsp.a(alt_exception_entry.o)
 *(.exceptions.exit.user)
 *(.exceptions.exit)
 .exceptions.exit
                0x00080098       0x54 ../experiment3_bsp//libhal_bsp.a(alt_exception_entry.o)
 *(.exceptions)
 .exceptions    0x000800ec       0xc8 ../experiment3_bsp//libhal_bsp.a(alt_irq_handler.o)
                0x000800ec                alt_irq_handler
                0x000801b4                PROVIDE (__ram_exceptions_end, ABSOLUTE (.))
                0x00080020                PROVIDE (__flash_exceptions_start, LOADADDR (.exceptions))

.text           0x000801b4    0x11e70
                0x000801b4                PROVIDE (stext, ABSOLUTE (.))
 *(.interp)
 *(.hash)
 *(.dynsym)
 *(.dynstr)
 *(.gnu.version)
 *(.gnu.version_d)
 *(.gnu.version_r)
 *(.rel.init)
 *(.rela.init)
 *(.rel.text .rel.text.* .rel.gnu.linkonce.t.*)
 *(.rela.text .rela.text.* .rela.gnu.linkonce.t.*)
 *(.rel.fini)
 *(.rela.fini)
 *(.rel.rodata .rel.rodata.* .rel.gnu.linkonce.r.*)
 *(.rela.rodata .rela.rodata.* .rela.gnu.linkonce.r.*)
 *(.rel.data .rel.data.* .rel.gnu.linkonce.d.*)
 *(.rela.data .rela.data.* .rela.gnu.linkonce.d.*)
 *(.rel.tdata .rel.tdata.* .rel.gnu.linkonce.td.*)
 *(.rela.tdata .rela.tdata.* .rela.gnu.linkonce.td.*)
 *(.rel.tbss .rel.tbss.* .rel.gnu.linkonce.tb.*)
 *(.rela.tbss .rela.tbss.* .rela.gnu.linkonce.tb.*)
 *(.rel.ctors)
 *(.rela.ctors)
 *(.rel.dtors)
 *(.rela.dtors)
 *(.rel.got)
 *(.rela.got)
 *(.rel.sdata .rel.sdata.* .rel.gnu.linkonce.s.*)
 *(.rela.sdata .rela.sdata.* .rela.gnu.linkonce.s.*)
 *(.rel.sbss .rel.sbss.* .rel.gnu.linkonce.sb.*)
 *(.rela.sbss .rela.sbss.* .rela.gnu.linkonce.sb.*)
 *(.rel.sdata2 .rel.sdata2.* .rel.gnu.linkonce.s2.*)
 *(.rela.sdata2 .rela.sdata2.* .rela.gnu.linkonce.s2.*)
 *(.rel.sbss2 .rel.sbss2.* .rel.gnu.linkonce.sb2.*)
 *(.rela.sbss2 .rela.sbss2.* .rela.gnu.linkonce.sb2.*)
 *(.rel.bss .rel.bss.* .rel.gnu.linkonce.b.*)
 *(.rela.bss .rela.bss.* .rela.gnu.linkonce.b.*)
 *(.rel.plt)
 *(.rela.plt)
 *(.rel.dyn)
 *(.init)
 *(.plt)
 *(.text .stub .text.* .gnu.linkonce.t.*)
 .text          0x000801b4       0x3c ../experiment3_bsp//obj/HAL/src/crt0.o
                0x000801b4                _start
 .text          0x000801f0      0x6c0 obj/default/LCD_Camera_TouchPanel.o
                0x000801f0                LTC_Switch_Nios_Mode
                0x00080300                LTC_Switch_HW_Mode
                0x000803d8                LTC_Read_Image_Line
                0x000804a0                LTC_Write_Image_Line
                0x00080584                LTC_TouchPanel_int
 .text          0x000808b0      0x250 obj/default/PB_button.o
                0x000808b0                KEY0_Pressed
                0x00080950                KEY1_Pressed
                0x00080970                KEY2_Pressed
                0x0008099c                KEY3_Pressed
                0x000809c8                handle_button_interrupts
                0x00080aa8                init_button_irq
 .text          0x00080b00     0x4020 obj/default/SD_card_controller.o
                0x00080b00                Write_Sector_Data
                0x00080bbc                Save_Modified_Sector
                0x00080c0c                Read_Sector_Data
                0x00080cfc                get_cluster_flag
                0x00080da0                mark_cluster
                0x00080e78                Check_for_Master_Boot_Record
                0x00080fd0                Read_File_Record_At_Offset
                0x00081198                Write_File_Record_At_Offset
                0x00081390                Check_for_DOS_FAT
                0x000818e4                Look_for_FAT16
                0x00081a08                filename_to_upper_case
                0x00081ad8                check_file_name_for_FAT16_compliance
                0x00081d68                get_dir_divider_location
                0x00081e28                match_file_record_to_name_ext
                0x00082114                get_home_directory_cluster_for_file
                0x00082628                find_file_in_directory
                0x00082a8c                find_first_empty_cluster
                0x00082c20                find_first_empty_record_in_a_subdirectory
                0x00082e5c                find_first_empty_record_in_root_directory
                0x00082f78                convert_filename_to_name_extension
                0x00083130                create_file
                0x0008341c                copy_file_record_name_to_string
                0x00083570                sd_card_open_dev
                0x000835c8                sd_card_is_Present
                0x00083614                sd_card_is_FAT16
                0x000836a0                sd_card_find_first
                0x00083774                sd_card_find_next
                0x00083b1c                sd_card_fopen
                0x00083ec4                sd_card_set_attributes
                0x00083f54                sd_card_get_attributes
                0x00083fe0                sd_card_read
                0x0008435c                sd_card_write
                0x0008494c                sd_card_fclose
 .text          0x00084b20      0xd08 obj/default/experiment3.o
                0x00084b20                main
 .text          0x00085828      0x14c /tools/altera/12.0/nios2eds/bin/gnu/H-i686-pc-linux-gnu/bin/../lib/gcc/nios2-elf/4.1.2/mno-hw-mul/libgcc.a(lib2-divmod.o)
                0x000858a4                __divsi3
                0x00085904                __modsi3
                0x00085964                __udivsi3
                0x0008596c                __umodsi3
 .text          0x00085974       0x38 /tools/altera/12.0/nios2eds/bin/gnu/H-i686-pc-linux-gnu/bin/../lib/gcc/nios2-elf/4.1.2/mno-hw-mul/libgcc.a(lib2-mul.o)
                0x00085974                __mulsi3
 .text          0x000859ac       0x78 /tools/altera/12.0/nios2eds/bin/gnu/H-i686-pc-linux-gnu/bin/../lib/gcc/nios2-elf/4.1.2/../../../../nios2-elf/lib/mno-hw-mul/libc.a(lib_a-printf.o)
                0x000859ac                printf
                0x000859f0                _printf_r
 .text          0x00085a24       0xb4 /tools/altera/12.0/nios2eds/bin/gnu/H-i686-pc-linux-gnu/bin/../lib/gcc/nios2-elf/4.1.2/../../../../nios2-elf/lib/mno-hw-mul/libc.a(lib_a-puts.o)
                0x00085a24                _puts_r
                0x00085ac4                puts
 .text          0x00085ad8       0xd4 /tools/altera/12.0/nios2eds/bin/gnu/H-i686-pc-linux-gnu/bin/../lib/gcc/nios2-elf/4.1.2/../../../../nios2-elf/lib/mno-hw-mul/libc.a(lib_a-sprintf.o)
                0x00085ad8                sprintf
                0x00085b4c                _sprintf_r
 .text          0x00085bac       0x74 /tools/altera/12.0/nios2eds/bin/gnu/H-i686-pc-linux-gnu/bin/../lib/gcc/nios2-elf/4.1.2/../../../../nios2-elf/lib/mno-hw-mul/libc.a(lib_a-strlen.o)
                0x00085bac                strlen
 .text          0x00085c20     0x1f40 /tools/altera/12.0/nios2eds/bin/gnu/H-i686-pc-linux-gnu/bin/../lib/gcc/nios2-elf/4.1.2/../../../../nios2-elf/lib/mno-hw-mul/libc.a(lib_a-vfprintf.o)
                0x00085c78                ___vfprintf_internal_r
                0x00087b3c                __vfprintf_internal
 .text          0x00087b60      0x13c /tools/altera/12.0/nios2eds/bin/gnu/H-i686-pc-linux-gnu/bin/../lib/gcc/nios2-elf/4.1.2/../../../../nios2-elf/lib/mno-hw-mul/libc.a(lib_a-wsetup.o)
                0x00087b60                __swsetup_r
 .text          0x00087c9c     0x17f8 /tools/altera/12.0/nios2eds/bin/gnu/H-i686-pc-linux-gnu/bin/../lib/gcc/nios2-elf/4.1.2/../../../../nios2-elf/lib/mno-hw-mul/libc.a(lib_a-dtoa.o)
                0x00087ee0                _dtoa_r
 .text          0x00089494      0x230 /tools/altera/12.0/nios2eds/bin/gnu/H-i686-pc-linux-gnu/bin/../lib/gcc/nios2-elf/4.1.2/../../../../nios2-elf/lib/mno-hw-mul/libc.a(lib_a-fflush.o)
                0x00089494                _fflush_r
                0x00089690                fflush
 .text          0x000896c4      0x2f4 /tools/altera/12.0/nios2eds/bin/gnu/H-i686-pc-linux-gnu/bin/../lib/gcc/nios2-elf/4.1.2/../../../../nios2-elf/lib/mno-hw-mul/libc.a(lib_a-findfp.o)
                0x0008971c                __sfp_lock_acquire
                0x00089720                __sfp_lock_release
                0x00089724                __sinit_lock_acquire
                0x00089728                __sinit_lock_release
                0x0008972c                __sinit
                0x000897e0                __fp_unlock_all
                0x000897f8                __fp_lock_all
                0x00089810                _cleanup_r
                0x0008981c                _cleanup
                0x0008982c                __sfmoreglue
                0x000898c8                __sfp
 .text          0x000899b8      0x440 /tools/altera/12.0/nios2eds/bin/gnu/H-i686-pc-linux-gnu/bin/../lib/gcc/nios2-elf/4.1.2/../../../../nios2-elf/lib/mno-hw-mul/libc.a(lib_a-freer.o)
                0x000899b8                _malloc_trim_r
                0x00089ae4                _free_r
 .text          0x00089df8      0x49c /tools/altera/12.0/nios2eds/bin/gnu/H-i686-pc-linux-gnu/bin/../lib/gcc/nios2-elf/4.1.2/../../../../nios2-elf/lib/mno-hw-mul/libc.a(lib_a-fvwrite.o)
                0x00089df8                __sfvwrite_r
 .text          0x0008a294      0x180 /tools/altera/12.0/nios2eds/bin/gnu/H-i686-pc-linux-gnu/bin/../lib/gcc/nios2-elf/4.1.2/../../../../nios2-elf/lib/mno-hw-mul/libc.a(lib_a-fwalk.o)
                0x0008a294                _fwalk_reent
                0x0008a35c                _fwalk
 .text          0x0008a414        0x0 /tools/altera/12.0/nios2eds/bin/gnu/H-i686-pc-linux-gnu/bin/../lib/gcc/nios2-elf/4.1.2/../../../../nios2-elf/lib/mno-hw-mul/libc.a(lib_a-impure.o)
 .text          0x0008a414       0xc4 /tools/altera/12.0/nios2eds/bin/gnu/H-i686-pc-linux-gnu/bin/../lib/gcc/nios2-elf/4.1.2/../../../../nios2-elf/lib/mno-hw-mul/libc.a(lib_a-locale.o)
                0x0008a414                __locale_charset
                0x0008a41c                _localeconv_r
                0x0008a428                localeconv
                0x0008a438                _setlocale_r
                0x0008a4bc                setlocale
 .text          0x0008a4d8      0x194 /tools/altera/12.0/nios2eds/bin/gnu/H-i686-pc-linux-gnu/bin/../lib/gcc/nios2-elf/4.1.2/../../../../nios2-elf/lib/mno-hw-mul/libc.a(lib_a-makebuf.o)
                0x0008a4d8                __smakebuf_r
 .text          0x0008a66c      0x740 /tools/altera/12.0/nios2eds/bin/gnu/H-i686-pc-linux-gnu/bin/../lib/gcc/nios2-elf/4.1.2/../../../../nios2-elf/lib/mno-hw-mul/libc.a(lib_a-mallocr.o)
                0x0008a66c                _malloc_r
 .text          0x0008adac       0xe4 /tools/altera/12.0/nios2eds/bin/gnu/H-i686-pc-linux-gnu/bin/../lib/gcc/nios2-elf/4.1.2/../../../../nios2-elf/lib/mno-hw-mul/libc.a(lib_a-memchr.o)
                0x0008adac                memchr
 .text          0x0008ae90       0xa0 /tools/altera/12.0/nios2eds/bin/gnu/H-i686-pc-linux-gnu/bin/../lib/gcc/nios2-elf/4.1.2/../../../../nios2-elf/lib/mno-hw-mul/libc.a(lib_a-memcpy.o)
                0x0008ae90                memcpy
 .text          0x0008af30       0xe0 /tools/altera/12.0/nios2eds/bin/gnu/H-i686-pc-linux-gnu/bin/../lib/gcc/nios2-elf/4.1.2/../../../../nios2-elf/lib/mno-hw-mul/libc.a(lib_a-memmove.o)
                0x0008af30                memmove
 .text          0x0008b010       0x98 /tools/altera/12.0/nios2eds/bin/gnu/H-i686-pc-linux-gnu/bin/../lib/gcc/nios2-elf/4.1.2/../../../../nios2-elf/lib/mno-hw-mul/libc.a(lib_a-memset.o)
                0x0008b010                memset
 .text          0x0008b0a8     0x108c /tools/altera/12.0/nios2eds/bin/gnu/H-i686-pc-linux-gnu/bin/../lib/gcc/nios2-elf/4.1.2/../../../../nios2-elf/lib/mno-hw-mul/libc.a(lib_a-mprec.o)
                0x0008b0a8                _Bfree
                0x0008b0d0                __hi0bits
                0x0008b140                __lo0bits
                0x0008b204                __mcmp
                0x0008b264                __ulp
                0x0008b2e4                __b2d
                0x0008b404                __ratio
                0x0008b4b4                _mprec_log10
                0x0008b548                __copybits
                0x0008b5a0                __any_on
                0x0008b628                _Balloc
                0x0008b6e4                __d2b
                0x0008b860                __mdiff
                0x0008b9ec                __lshift
                0x0008bb38                __multiply
                0x0008bd8c                __i2b
                0x0008bdc8                __multadd
                0x0008bef4                __pow5mult
                0x0008c014                __s2b
 .text          0x0008c134      0x5f4 /tools/altera/12.0/nios2eds/bin/gnu/H-i686-pc-linux-gnu/bin/../lib/gcc/nios2-elf/4.1.2/../../../../nios2-elf/lib/mno-hw-mul/libc.a(lib_a-reallocr.o)
                0x0008c134                _realloc_r
 .text          0x0008c728       0x40 /tools/altera/12.0/nios2eds/bin/gnu/H-i686-pc-linux-gnu/bin/../lib/gcc/nios2-elf/4.1.2/../../../../nios2-elf/lib/mno-hw-mul/libc.a(lib_a-s_isinfd.o)
                0x0008c728                __isinfd
 .text          0x0008c768       0x30 /tools/altera/12.0/nios2eds/bin/gnu/H-i686-pc-linux-gnu/bin/../lib/gcc/nios2-elf/4.1.2/../../../../nios2-elf/lib/mno-hw-mul/libc.a(lib_a-s_isnand.o)
                0x0008c768                __isnand
 .text          0x0008c798       0x70 /tools/altera/12.0/nios2eds/bin/gnu/H-i686-pc-linux-gnu/bin/../lib/gcc/nios2-elf/4.1.2/../../../../nios2-elf/lib/mno-hw-mul/libc.a(lib_a-sbrkr.o)
                0x0008c798                _sbrk_r
 .text          0x0008c808      0x14c /tools/altera/12.0/nios2eds/bin/gnu/H-i686-pc-linux-gnu/bin/../lib/gcc/nios2-elf/4.1.2/../../../../nios2-elf/lib/mno-hw-mul/libc.a(lib_a-stdio.o)
                0x0008c808                __sclose
                0x0008c810                __sseek
                0x0008c878                __swrite
                0x0008c8f4                __sread
 .text          0x0008c954       0xbc /tools/altera/12.0/nios2eds/bin/gnu/H-i686-pc-linux-gnu/bin/../lib/gcc/nios2-elf/4.1.2/../../../../nios2-elf/lib/mno-hw-mul/libc.a(lib_a-strcmp.o)
                0x0008c954                strcmp
 .text          0x0008ca10       0x78 /tools/altera/12.0/nios2eds/bin/gnu/H-i686-pc-linux-gnu/bin/../lib/gcc/nios2-elf/4.1.2/../../../../nios2-elf/lib/mno-hw-mul/libc.a(lib_a-writer.o)
                0x0008ca10                _write_r
 .text          0x0008ca88       0xc8 /tools/altera/12.0/nios2eds/bin/gnu/H-i686-pc-linux-gnu/bin/../lib/gcc/nios2-elf/4.1.2/../../../../nios2-elf/lib/mno-hw-mul/libc.a(lib_a-callocr.o)
                0x0008ca88                _calloc_r
 .text          0x0008cb50       0x70 /tools/altera/12.0/nios2eds/bin/gnu/H-i686-pc-linux-gnu/bin/../lib/gcc/nios2-elf/4.1.2/../../../../nios2-elf/lib/mno-hw-mul/libc.a(lib_a-closer.o)
                0x0008cb50                _close_r
 .text          0x0008cbc0      0x124 /tools/altera/12.0/nios2eds/bin/gnu/H-i686-pc-linux-gnu/bin/../lib/gcc/nios2-elf/4.1.2/../../../../nios2-elf/lib/mno-hw-mul/libc.a(lib_a-fclose.o)
                0x0008cbc0                _fclose_r
                0x0008ccd0                fclose
 .text          0x0008cce4       0x74 /tools/altera/12.0/nios2eds/bin/gnu/H-i686-pc-linux-gnu/bin/../lib/gcc/nios2-elf/4.1.2/../../../../nios2-elf/lib/mno-hw-mul/libc.a(lib_a-fstatr.o)
                0x0008cce4                _fstat_r
 .text          0x0008cd58        0x0 /tools/altera/12.0/nios2eds/bin/gnu/H-i686-pc-linux-gnu/bin/../lib/gcc/nios2-elf/4.1.2/../../../../nios2-elf/lib/mno-hw-mul/libc.a(lib_a-int_errno.o)
 .text          0x0008cd58       0x70 /tools/altera/12.0/nios2eds/bin/gnu/H-i686-pc-linux-gnu/bin/../lib/gcc/nios2-elf/4.1.2/../../../../nios2-elf/lib/mno-hw-mul/libc.a(lib_a-isattyr.o)
                0x0008cd58                _isatty_r
 .text          0x0008cdc8       0x78 /tools/altera/12.0/nios2eds/bin/gnu/H-i686-pc-linux-gnu/bin/../lib/gcc/nios2-elf/4.1.2/../../../../nios2-elf/lib/mno-hw-mul/libc.a(lib_a-lseekr.o)
                0x0008cdc8                _lseek_r
 .text          0x0008ce40       0x78 /tools/altera/12.0/nios2eds/bin/gnu/H-i686-pc-linux-gnu/bin/../lib/gcc/nios2-elf/4.1.2/../../../../nios2-elf/lib/mno-hw-mul/libc.a(lib_a-readr.o)
                0x0008ce40                _read_r
 .text          0x0008ceb8      0x66c /tools/altera/12.0/nios2eds/bin/gnu/H-i686-pc-linux-gnu/bin/../lib/gcc/nios2-elf/4.1.2/mno-hw-mul/libgcc.a(_udivdi3.o)
                0x0008ceb8                __udivdi3
 .text          0x0008d524      0x660 /tools/altera/12.0/nios2eds/bin/gnu/H-i686-pc-linux-gnu/bin/../lib/gcc/nios2-elf/4.1.2/mno-hw-mul/libgcc.a(_umoddi3.o)
                0x0008d524                __umoddi3
 .text          0x0008db84      0x504 /tools/altera/12.0/nios2eds/bin/gnu/H-i686-pc-linux-gnu/bin/../lib/gcc/nios2-elf/4.1.2/mno-hw-mul/libgcc.a(_addsub_df.o)
                0x0008df94                __subdf3
                0x0008e014                __adddf3
 .text          0x0008e088      0x3c4 /tools/altera/12.0/nios2eds/bin/gnu/H-i686-pc-linux-gnu/bin/../lib/gcc/nios2-elf/4.1.2/mno-hw-mul/libgcc.a(_mul_df.o)
                0x0008e088                __muldf3
 .text          0x0008e44c      0x258 /tools/altera/12.0/nios2eds/bin/gnu/H-i686-pc-linux-gnu/bin/../lib/gcc/nios2-elf/4.1.2/mno-hw-mul/libgcc.a(_div_df.o)
                0x0008e44c                __divdf3
 .text          0x0008e6a4       0x88 /tools/altera/12.0/nios2eds/bin/gnu/H-i686-pc-linux-gnu/bin/../lib/gcc/nios2-elf/4.1.2/mno-hw-mul/libgcc.a(_eq_df.o)
                0x0008e6a4                __eqdf2
 .text          0x0008e72c       0x88 /tools/altera/12.0/nios2eds/bin/gnu/H-i686-pc-linux-gnu/bin/../lib/gcc/nios2-elf/4.1.2/mno-hw-mul/libgcc.a(_ne_df.o)
                0x0008e72c                __nedf2
 .text          0x0008e7b4       0x88 /tools/altera/12.0/nios2eds/bin/gnu/H-i686-pc-linux-gnu/bin/../lib/gcc/nios2-elf/4.1.2/mno-hw-mul/libgcc.a(_gt_df.o)
                0x0008e7b4                __gtdf2
 .text          0x0008e83c       0x88 /tools/altera/12.0/nios2eds/bin/gnu/H-i686-pc-linux-gnu/bin/../lib/gcc/nios2-elf/4.1.2/mno-hw-mul/libgcc.a(_ge_df.o)
                0x0008e83c                __gedf2
 .text          0x0008e8c4       0x88 /tools/altera/12.0/nios2eds/bin/gnu/H-i686-pc-linux-gnu/bin/../lib/gcc/nios2-elf/4.1.2/mno-hw-mul/libgcc.a(_lt_df.o)
                0x0008e8c4                __ltdf2
 .text          0x0008e94c       0xf8 /tools/altera/12.0/nios2eds/bin/gnu/H-i686-pc-linux-gnu/bin/../lib/gcc/nios2-elf/4.1.2/mno-hw-mul/libgcc.a(_si_to_df.o)
                0x0008e94c                __floatsidf
 .text          0x0008ea44       0xd8 /tools/altera/12.0/nios2eds/bin/gnu/H-i686-pc-linux-gnu/bin/../lib/gcc/nios2-elf/4.1.2/mno-hw-mul/libgcc.a(_df_to_si.o)
                0x0008ea44                __fixdfsi
 .text          0x0008eb1c        0x0 /tools/altera/12.0/nios2eds/bin/gnu/H-i686-pc-linux-gnu/bin/../lib/gcc/nios2-elf/4.1.2/mno-hw-mul/libgcc.a(_thenan_df.o)
 .text          0x0008eb1c      0x194 /tools/altera/12.0/nios2eds/bin/gnu/H-i686-pc-linux-gnu/bin/../lib/gcc/nios2-elf/4.1.2/mno-hw-mul/libgcc.a(_usi_to_df.o)
                0x0008eb1c                __floatunsidf
 .text          0x0008ecb0      0x124 /tools/altera/12.0/nios2eds/bin/gnu/H-i686-pc-linux-gnu/bin/../lib/gcc/nios2-elf/4.1.2/mno-hw-mul/libgcc.a(_muldi3.o)
                0x0008ecb0                __muldi3
 .text          0x0008edd4        0x0 /tools/altera/12.0/nios2eds/bin/gnu/H-i686-pc-linux-gnu/bin/../lib/gcc/nios2-elf/4.1.2/mno-hw-mul/libgcc.a(_clz.o)
 .text          0x0008edd4       0x80 /tools/altera/12.0/nios2eds/bin/gnu/H-i686-pc-linux-gnu/bin/../lib/gcc/nios2-elf/4.1.2/mno-hw-mul/libgcc.a(_clzsi2.o)
                0x0008edd4                __clzsi2
 .text          0x0008ee54      0x314 /tools/altera/12.0/nios2eds/bin/gnu/H-i686-pc-linux-gnu/bin/../lib/gcc/nios2-elf/4.1.2/mno-hw-mul/libgcc.a(_pack_df.o)
                0x0008ee54                __pack_d
 .text          0x0008f168      0x138 /tools/altera/12.0/nios2eds/bin/gnu/H-i686-pc-linux-gnu/bin/../lib/gcc/nios2-elf/4.1.2/mno-hw-mul/libgcc.a(_unpack_df.o)
                0x0008f168                __unpack_d
 .text          0x0008f2a0       0xc8 /tools/altera/12.0/nios2eds/bin/gnu/H-i686-pc-linux-gnu/bin/../lib/gcc/nios2-elf/4.1.2/mno-hw-mul/libgcc.a(_fpcmp_parts_df.o)
                0x0008f2a0                __fpcmp_parts_d
 .text          0x0008f368      0x15c ../experiment3_bsp//libhal_bsp.a(alt_busy_sleep.o)
                0x0008f368                alt_busy_sleep
 .text          0x0008f4c4      0x160 ../experiment3_bsp//libhal_bsp.a(alt_close.o)
                0x0008f4c4                close
 .text          0x0008f624       0x2c ../experiment3_bsp//libhal_bsp.a(alt_dev.o)
 .text          0x0008f650        0x0 ../experiment3_bsp//libhal_bsp.a(alt_errno.o)
 .text          0x0008f650      0x138 ../experiment3_bsp//libhal_bsp.a(alt_fstat.o)
                0x0008f650                fstat
 .text          0x0008f788      0x1c0 ../experiment3_bsp//libhal_bsp.a(alt_irq_register.o)
                0x0008f788                alt_irq_register
 .text          0x0008f948        0x0 ../experiment3_bsp//libhal_bsp.a(alt_irq_vars.o)
 .text          0x0008f948      0x124 ../experiment3_bsp//libhal_bsp.a(alt_isatty.o)
                0x0008f948                isatty
 .text          0x0008fa6c       0xec ../experiment3_bsp//libhal_bsp.a(alt_load.o)
                0x0008fa6c                alt_load
 .text          0x0008fb58      0x154 ../experiment3_bsp//libhal_bsp.a(alt_lseek.o)
                0x0008fb58                lseek
 .text          0x0008fcac       0x6c ../experiment3_bsp//libhal_bsp.a(alt_main.o)
                0x0008fcac                alt_main
 .text          0x0008fd18       0x40 ../experiment3_bsp//libhal_bsp.a(alt_malloc_lock.o)
                0x0008fd18                __malloc_lock
                0x0008fd38                __malloc_unlock
 .text          0x0008fd58      0x184 ../experiment3_bsp//libhal_bsp.a(alt_read.o)
                0x0008fd58                read
 .text          0x0008fedc       0x78 ../experiment3_bsp//libhal_bsp.a(alt_release_fd.o)
                0x0008fedc                alt_release_fd
 .text          0x0008ff54       0xbc ../experiment3_bsp//libhal_bsp.a(alt_sbrk.o)
                0x0008ff54                sbrk
 .text          0x00090010      0x184 ../experiment3_bsp//libhal_bsp.a(alt_write.o)
                0x00090010                write
 .text          0x00090194       0xbc ../experiment3_bsp//libhal_bsp.a(alt_sys_init.o)
                0x00090194                alt_irq_init
                0x000901c8                alt_sys_init
 .text          0x00090250      0x148 ../experiment3_bsp//libhal_bsp.a(altera_avalon_jtag_uart_fd.o)
                0x00090250                altera_avalon_jtag_uart_read_fd
                0x000902a8                altera_avalon_jtag_uart_write_fd
                0x00090300                altera_avalon_jtag_uart_close_fd
                0x00090348                altera_avalon_jtag_uart_ioctl_fd
 .text          0x00090398      0x40c ../experiment3_bsp//libhal_bsp.a(altera_avalon_jtag_uart_init.o)
                0x00090398                altera_avalon_jtag_uart_init
                0x00090730                altera_avalon_jtag_uart_close
 .text          0x000907a4       0xf4 ../experiment3_bsp//libhal_bsp.a(altera_avalon_jtag_uart_ioctl.o)
                0x000907a4                altera_avalon_jtag_uart_ioctl
 .text          0x00090898      0x224 ../experiment3_bsp//libhal_bsp.a(altera_avalon_jtag_uart_read.o)
                0x00090898                altera_avalon_jtag_uart_read
 .text          0x00090abc      0x240 ../experiment3_bsp//libhal_bsp.a(altera_avalon_jtag_uart_write.o)
                0x00090abc                altera_avalon_jtag_uart_write
 .text          0x00090cfc      0x154 ../experiment3_bsp//libhal_bsp.a(alt_alarm_start.o)
                0x00090cfc                alt_alarm_start
 .text          0x00090e50       0x1c ../experiment3_bsp//libhal_bsp.a(alt_dcache_flush_all.o)
                0x00090e50                alt_dcache_flush_all
 .text          0x00090e6c      0x114 ../experiment3_bsp//libhal_bsp.a(alt_dev_llist_insert.o)
                0x00090e6c                alt_dev_llist_insert
 .text          0x00090f80       0x64 ../experiment3_bsp//libhal_bsp.a(alt_do_ctors.o)
                0x00090f80                _do_ctors
 .text          0x00090fe4       0x64 ../experiment3_bsp//libhal_bsp.a(alt_do_dtors.o)
                0x00090fe4                _do_dtors
 .text          0x00091048       0x1c ../experiment3_bsp//libhal_bsp.a(alt_icache_flush_all.o)
                0x00091048                alt_icache_flush_all
 .text          0x00091064      0x1d4 ../experiment3_bsp//libhal_bsp.a(alt_iic.o)
                0x00091064                alt_ic_isr_register
                0x000910b4                alt_ic_irq_enable
                0x00091150                alt_ic_irq_disable
                0x000911f0                alt_ic_irq_enabled
 .text          0x00091238       0xf8 ../experiment3_bsp//libhal_bsp.a(alt_iic_isr_register.o)
                0x00091238                alt_iic_isr_register
 .text          0x00091330      0x150 ../experiment3_bsp//libhal_bsp.a(alt_io_redirect.o)
                0x00091408                alt_io_redirect
 .text          0x00091480        0x0 ../experiment3_bsp//libhal_bsp.a(alt_irq_entry.o)
 .text          0x00091480        0x0 ../experiment3_bsp//libhal_bsp.a(alt_irq_handler.o)
 .text          0x00091480      0x2e4 ../experiment3_bsp//libhal_bsp.a(alt_open.o)
                0x00091578                open
 .text          0x00091764      0x1a4 ../experiment3_bsp//libhal_bsp.a(alt_tick.o)
                0x00091764                alt_alarm_stop
                0x000917fc                alt_tick
 .text          0x00091908       0x20 ../experiment3_bsp//libhal_bsp.a(altera_nios2_qsys_irq.o)
                0x00091908                altera_nios2_qsys_irq_init
 .text          0x00091928        0x0 ../experiment3_bsp//libhal_bsp.a(alt_exception_entry.o)
 .text          0x00091928       0x94 ../experiment3_bsp//libhal_bsp.a(alt_find_dev.o)
                0x00091928                alt_find_dev
 .text          0x000919bc      0x120 ../experiment3_bsp//libhal_bsp.a(alt_find_file.o)
                0x000919bc                alt_find_file
 .text          0x00091adc       0xd0 ../experiment3_bsp//libhal_bsp.a(alt_get_fd.o)
                0x00091adc                alt_get_fd
 .text          0x00091bac       0x14 /tools/altera/12.0/nios2eds/bin/gnu/H-i686-pc-linux-gnu/bin/../lib/gcc/nios2-elf/4.1.2/../../../../nios2-elf/lib/mno-hw-mul/libc.a(lib_a-atexit.o)
                0x00091bac                atexit
 .text          0x00091bc0       0x38 /tools/altera/12.0/nios2eds/bin/gnu/H-i686-pc-linux-gnu/bin/../lib/gcc/nios2-elf/4.1.2/../../../../nios2-elf/lib/mno-hw-mul/libc.a(lib_a-exit.o)
                0x00091bc0                exit
 .text          0x00091bf8       0x74 /tools/altera/12.0/nios2eds/bin/gnu/H-i686-pc-linux-gnu/bin/../lib/gcc/nios2-elf/4.1.2/../../../../nios2-elf/lib/mno-hw-mul/libc.a(lib_a-memcmp.o)
                0x00091bf8                memcmp
 .text          0x00091c6c      0x134 /tools/altera/12.0/nios2eds/bin/gnu/H-i686-pc-linux-gnu/bin/../lib/gcc/nios2-elf/4.1.2/../../../../nios2-elf/lib/mno-hw-mul/libc.a(lib_a-__atexit.o)
                0x00091c6c                __register_exitproc
 .text          0x00091da0      0x1b4 /tools/altera/12.0/nios2eds/bin/gnu/H-i686-pc-linux-gnu/bin/../lib/gcc/nios2-elf/4.1.2/../../../../nios2-elf/lib/mno-hw-mul/libc.a(lib_a-__call_atexit.o)
                0x00091da4                __call_exitprocs
 .text          0x00091f54       0x60 ../experiment3_bsp//libhal_bsp.a(alt_exit.o)
                0x00091f94                _exit
 *(.gnu.warning.*)
 *(.fini)
                0x00091fb4                PROVIDE (__etext, ABSOLUTE (.))
                0x00091fb4                PROVIDE (_etext, ABSOLUTE (.))
                0x00091fb4                PROVIDE (etext, ABSOLUTE (.))
 *(.eh_frame_hdr)
                0x00091fb4                . = ALIGN (0x4)
                0x00091fb4                PROVIDE (__preinit_array_start, ABSOLUTE (.))
 *(.preinit_array)
                0x00091fb4                PROVIDE (__preinit_array_end, ABSOLUTE (.))
                0x00091fb4                PROVIDE (__init_array_start, ABSOLUTE (.))
 *(.init_array)
                0x00091fb4                PROVIDE (__init_array_end, ABSOLUTE (.))
                0x00091fb4                PROVIDE (__fini_array_start, ABSOLUTE (.))
 *(.fini_array)
                0x00091fb4                PROVIDE (__fini_array_end, ABSOLUTE (.))
 *(.eh_frame)
 .eh_frame      0x00091fb4       0x40 /tools/altera/12.0/nios2eds/bin/gnu/H-i686-pc-linux-gnu/bin/../lib/gcc/nios2-elf/4.1.2/mno-hw-mul/libgcc.a(_udivdi3.o)
 .eh_frame      0x00091ff4       0x2c /tools/altera/12.0/nios2eds/bin/gnu/H-i686-pc-linux-gnu/bin/../lib/gcc/nios2-elf/4.1.2/mno-hw-mul/libgcc.a(_umoddi3.o)
                                 0x40 (size before relaxing)
 *(.gcc_except_table)
 *(.dynamic)
                0x00092020                PROVIDE (__CTOR_LIST__, ABSOLUTE (.))
 *(.ctors)
 *(SORT(.ctors.*))
 .ctors.65535   0x00092020        0x4 /tools/altera/12.0/nios2eds/bin/gnu/H-i686-pc-linux-gnu/bin/../lib/gcc/nios2-elf/4.1.2/../../../../nios2-elf/lib/mno-hw-mul/libc.a(lib_a-__call_atexit.o)
                0x00092024                PROVIDE (__CTOR_END__, ABSOLUTE (.))
                0x00092024                PROVIDE (__DTOR_LIST__, ABSOLUTE (.))
 *(.dtors)
 *(SORT(.dtors.*))
                0x00092024                PROVIDE (__DTOR_END__, ABSOLUTE (.))
 *(.jcr)
                0x00092024                . = ALIGN (0x4)

.rodata         0x00092024      0x5e4
                0x00092024                PROVIDE (__ram_rodata_start, ABSOLUTE (.))
                0x00092024                . = ALIGN (0x4)
 *(.rodata .rodata.* .gnu.linkonce.r.*)
 .rodata        0x00092024       0x70 obj/default/LCD_Camera_TouchPanel.o
 .rodata        0x00092094       0x40 obj/default/PB_button.o
 .rodata        0x000920d4       0x2c obj/default/SD_card_controller.o
 .rodata        0x00092100      0x1b4 obj/default/experiment3.o
 .rodata.str1.4
                0x000922b4        0x2 /tools/altera/12.0/nios2eds/bin/gnu/H-i686-pc-linux-gnu/bin/../lib/gcc/nios2-elf/4.1.2/../../../../nios2-elf/lib/mno-hw-mul/libc.a(lib_a-puts.o)
                                  0x4 (size before relaxing)
 *fill*         0x000922b6        0x2 00
 .rodata.str1.4
                0x000922b8       0x5e /tools/altera/12.0/nios2eds/bin/gnu/H-i686-pc-linux-gnu/bin/../lib/gcc/nios2-elf/4.1.2/../../../../nios2-elf/lib/mno-hw-mul/libc.a(lib_a-vfprintf.o)
                                 0x60 (size before relaxing)
 .rodata        0x00092316       0x20 /tools/altera/12.0/nios2eds/bin/gnu/H-i686-pc-linux-gnu/bin/../lib/gcc/nios2-elf/4.1.2/../../../../nios2-elf/lib/mno-hw-mul/libc.a(lib_a-vfprintf.o)
 *fill*         0x00092336        0x2 00
 .rodata.str1.4
                0x00092338       0x10 /tools/altera/12.0/nios2eds/bin/gnu/H-i686-pc-linux-gnu/bin/../lib/gcc/nios2-elf/4.1.2/../../../../nios2-elf/lib/mno-hw-mul/libc.a(lib_a-dtoa.o)
                                 0x14 (size before relaxing)
 .rodata.str1.4
                0x00092348        0x2 /tools/altera/12.0/nios2eds/bin/gnu/H-i686-pc-linux-gnu/bin/../lib/gcc/nios2-elf/4.1.2/../../../../nios2-elf/lib/mno-hw-mul/libc.a(lib_a-impure.o)
                                  0x4 (size before relaxing)
 *fill*         0x0009234a        0x2 00
 .rodata.str1.4
                0x0009234c       0x10 /tools/altera/12.0/nios2eds/bin/gnu/H-i686-pc-linux-gnu/bin/../lib/gcc/nios2-elf/4.1.2/../../../../nios2-elf/lib/mno-hw-mul/libc.a(lib_a-locale.o)
                                 0x18 (size before relaxing)
 .rodata        0x0009235c       0x30 /tools/altera/12.0/nios2eds/bin/gnu/H-i686-pc-linux-gnu/bin/../lib/gcc/nios2-elf/4.1.2/../../../../nios2-elf/lib/mno-hw-mul/libc.a(lib_a-locale.o)
 .rodata        0x0009238c      0x124 /tools/altera/12.0/nios2eds/bin/gnu/H-i686-pc-linux-gnu/bin/../lib/gcc/nios2-elf/4.1.2/../../../../nios2-elf/lib/mno-hw-mul/libc.a(lib_a-mprec.o)
                0x0009238c                __mprec_tens
                0x00092454                __mprec_bigtens
                0x0009247c                __mprec_tinytens
 .rodata        0x000924b0       0x14 /tools/altera/12.0/nios2eds/bin/gnu/H-i686-pc-linux-gnu/bin/../lib/gcc/nios2-elf/4.1.2/mno-hw-mul/libgcc.a(_thenan_df.o)
                0x000924b0                __thenan_df
 .rodata        0x000924c4      0x100 /tools/altera/12.0/nios2eds/bin/gnu/H-i686-pc-linux-gnu/bin/../lib/gcc/nios2-elf/4.1.2/mno-hw-mul/libgcc.a(_clz.o)
                0x000924c4                __clz_tab
 .rodata        0x000925c4        0xc ../experiment3_bsp//libhal_bsp.a(alt_dev.o)
 .rodata        0x000925d0       0x14 ../experiment3_bsp//libhal_bsp.a(alt_main.o)
 .rodata        0x000925e4       0x24 ../experiment3_bsp//libhal_bsp.a(alt_sys_init.o)
 *(.rodata1)
                0x00092608                . = ALIGN (0x4)
                0x00092608                PROVIDE (__ram_rodata_end, ABSOLUTE (.))
                0x00092024                PROVIDE (__flash_rodata_start, LOADADDR (.rodata))

.rwdata         0x00092608     0x1a94 load address 0x0009409c
                0x00092608                PROVIDE (__ram_rwdata_start, ABSOLUTE (.))
                0x00092608                . = ALIGN (0x4)
 *(.got.plt)
 *(.got)
 *(.data1)
 *(.data .data.* .gnu.linkonce.d.*)
 .data          0x00092608        0x0 ../experiment3_bsp//obj/HAL/src/crt0.o
 .data          0x00092608        0x0 obj/default/LCD_Camera_TouchPanel.o
 .data          0x00092608        0x0 obj/default/PB_button.o
 .data          0x00092608        0x0 obj/default/SD_card_controller.o
 .data          0x00092608        0x0 obj/default/experiment3.o
 .data          0x00092608        0x0 /tools/altera/12.0/nios2eds/bin/gnu/H-i686-pc-linux-gnu/bin/../lib/gcc/nios2-elf/4.1.2/mno-hw-mul/libgcc.a(lib2-divmod.o)
 .data          0x00092608        0x0 /tools/altera/12.0/nios2eds/bin/gnu/H-i686-pc-linux-gnu/bin/../lib/gcc/nios2-elf/4.1.2/mno-hw-mul/libgcc.a(lib2-mul.o)
 .data          0x00092608        0x0 /tools/altera/12.0/nios2eds/bin/gnu/H-i686-pc-linux-gnu/bin/../lib/gcc/nios2-elf/4.1.2/../../../../nios2-elf/lib/mno-hw-mul/libc.a(lib_a-printf.o)
 .data          0x00092608        0x0 /tools/altera/12.0/nios2eds/bin/gnu/H-i686-pc-linux-gnu/bin/../lib/gcc/nios2-elf/4.1.2/../../../../nios2-elf/lib/mno-hw-mul/libc.a(lib_a-puts.o)
 .data          0x00092608        0x0 /tools/altera/12.0/nios2eds/bin/gnu/H-i686-pc-linux-gnu/bin/../lib/gcc/nios2-elf/4.1.2/../../../../nios2-elf/lib/mno-hw-mul/libc.a(lib_a-sprintf.o)
 .data          0x00092608        0x0 /tools/altera/12.0/nios2eds/bin/gnu/H-i686-pc-linux-gnu/bin/../lib/gcc/nios2-elf/4.1.2/../../../../nios2-elf/lib/mno-hw-mul/libc.a(lib_a-strlen.o)
 .data          0x00092608        0x0 /tools/altera/12.0/nios2eds/bin/gnu/H-i686-pc-linux-gnu/bin/../lib/gcc/nios2-elf/4.1.2/../../../../nios2-elf/lib/mno-hw-mul/libc.a(lib_a-vfprintf.o)
 .data          0x00092608        0x0 /tools/altera/12.0/nios2eds/bin/gnu/H-i686-pc-linux-gnu/bin/../lib/gcc/nios2-elf/4.1.2/../../../../nios2-elf/lib/mno-hw-mul/libc.a(lib_a-wsetup.o)
 .data          0x00092608        0x0 /tools/altera/12.0/nios2eds/bin/gnu/H-i686-pc-linux-gnu/bin/../lib/gcc/nios2-elf/4.1.2/../../../../nios2-elf/lib/mno-hw-mul/libc.a(lib_a-dtoa.o)
 .data          0x00092608        0x0 /tools/altera/12.0/nios2eds/bin/gnu/H-i686-pc-linux-gnu/bin/../lib/gcc/nios2-elf/4.1.2/../../../../nios2-elf/lib/mno-hw-mul/libc.a(lib_a-fflush.o)
 .data          0x00092608        0x0 /tools/altera/12.0/nios2eds/bin/gnu/H-i686-pc-linux-gnu/bin/../lib/gcc/nios2-elf/4.1.2/../../../../nios2-elf/lib/mno-hw-mul/libc.a(lib_a-findfp.o)
 .data          0x00092608        0x0 /tools/altera/12.0/nios2eds/bin/gnu/H-i686-pc-linux-gnu/bin/../lib/gcc/nios2-elf/4.1.2/../../../../nios2-elf/lib/mno-hw-mul/libc.a(lib_a-freer.o)
 .data          0x00092608        0x0 /tools/altera/12.0/nios2eds/bin/gnu/H-i686-pc-linux-gnu/bin/../lib/gcc/nios2-elf/4.1.2/../../../../nios2-elf/lib/mno-hw-mul/libc.a(lib_a-fvwrite.o)
 .data          0x00092608        0x0 /tools/altera/12.0/nios2eds/bin/gnu/H-i686-pc-linux-gnu/bin/../lib/gcc/nios2-elf/4.1.2/../../../../nios2-elf/lib/mno-hw-mul/libc.a(lib_a-fwalk.o)
 .data          0x00092608      0x400 /tools/altera/12.0/nios2eds/bin/gnu/H-i686-pc-linux-gnu/bin/../lib/gcc/nios2-elf/4.1.2/../../../../nios2-elf/lib/mno-hw-mul/libc.a(lib_a-impure.o)
 .data          0x00092a08        0xc /tools/altera/12.0/nios2eds/bin/gnu/H-i686-pc-linux-gnu/bin/../lib/gcc/nios2-elf/4.1.2/../../../../nios2-elf/lib/mno-hw-mul/libc.a(lib_a-locale.o)
                0x00092a08                __lc_ctype
 .data          0x00092a14        0x0 /tools/altera/12.0/nios2eds/bin/gnu/H-i686-pc-linux-gnu/bin/../lib/gcc/nios2-elf/4.1.2/../../../../nios2-elf/lib/mno-hw-mul/libc.a(lib_a-makebuf.o)
 .data          0x00092a14      0x408 /tools/altera/12.0/nios2eds/bin/gnu/H-i686-pc-linux-gnu/bin/../lib/gcc/nios2-elf/4.1.2/../../../../nios2-elf/lib/mno-hw-mul/libc.a(lib_a-mallocr.o)
                0x00092a14                __malloc_av_
 .data          0x00092e1c        0x0 /tools/altera/12.0/nios2eds/bin/gnu/H-i686-pc-linux-gnu/bin/../lib/gcc/nios2-elf/4.1.2/../../../../nios2-elf/lib/mno-hw-mul/libc.a(lib_a-memchr.o)
 .data          0x00092e1c        0x0 /tools/altera/12.0/nios2eds/bin/gnu/H-i686-pc-linux-gnu/bin/../lib/gcc/nios2-elf/4.1.2/../../../../nios2-elf/lib/mno-hw-mul/libc.a(lib_a-memcpy.o)
 .data          0x00092e1c        0x0 /tools/altera/12.0/nios2eds/bin/gnu/H-i686-pc-linux-gnu/bin/../lib/gcc/nios2-elf/4.1.2/../../../../nios2-elf/lib/mno-hw-mul/libc.a(lib_a-memmove.o)
 .data          0x00092e1c        0x0 /tools/altera/12.0/nios2eds/bin/gnu/H-i686-pc-linux-gnu/bin/../lib/gcc/nios2-elf/4.1.2/../../../../nios2-elf/lib/mno-hw-mul/libc.a(lib_a-memset.o)
 .data          0x00092e1c        0x0 /tools/altera/12.0/nios2eds/bin/gnu/H-i686-pc-linux-gnu/bin/../lib/gcc/nios2-elf/4.1.2/../../../../nios2-elf/lib/mno-hw-mul/libc.a(lib_a-mprec.o)
 .data          0x00092e1c        0x0 /tools/altera/12.0/nios2eds/bin/gnu/H-i686-pc-linux-gnu/bin/../lib/gcc/nios2-elf/4.1.2/../../../../nios2-elf/lib/mno-hw-mul/libc.a(lib_a-reallocr.o)
 .data          0x00092e1c        0x0 /tools/altera/12.0/nios2eds/bin/gnu/H-i686-pc-linux-gnu/bin/../lib/gcc/nios2-elf/4.1.2/../../../../nios2-elf/lib/mno-hw-mul/libc.a(lib_a-s_isinfd.o)
 .data          0x00092e1c        0x0 /tools/altera/12.0/nios2eds/bin/gnu/H-i686-pc-linux-gnu/bin/../lib/gcc/nios2-elf/4.1.2/../../../../nios2-elf/lib/mno-hw-mul/libc.a(lib_a-s_isnand.o)
 .data          0x00092e1c        0x0 /tools/altera/12.0/nios2eds/bin/gnu/H-i686-pc-linux-gnu/bin/../lib/gcc/nios2-elf/4.1.2/../../../../nios2-elf/lib/mno-hw-mul/libc.a(lib_a-sbrkr.o)
 .data          0x00092e1c        0x0 /tools/altera/12.0/nios2eds/bin/gnu/H-i686-pc-linux-gnu/bin/../lib/gcc/nios2-elf/4.1.2/../../../../nios2-elf/lib/mno-hw-mul/libc.a(lib_a-stdio.o)
 .data          0x00092e1c        0x0 /tools/altera/12.0/nios2eds/bin/gnu/H-i686-pc-linux-gnu/bin/../lib/gcc/nios2-elf/4.1.2/../../../../nios2-elf/lib/mno-hw-mul/libc.a(lib_a-strcmp.o)
 .data          0x00092e1c        0x0 /tools/altera/12.0/nios2eds/bin/gnu/H-i686-pc-linux-gnu/bin/../lib/gcc/nios2-elf/4.1.2/../../../../nios2-elf/lib/mno-hw-mul/libc.a(lib_a-writer.o)
 .data          0x00092e1c        0x0 /tools/altera/12.0/nios2eds/bin/gnu/H-i686-pc-linux-gnu/bin/../lib/gcc/nios2-elf/4.1.2/../../../../nios2-elf/lib/mno-hw-mul/libc.a(lib_a-callocr.o)
 .data          0x00092e1c        0x0 /tools/altera/12.0/nios2eds/bin/gnu/H-i686-pc-linux-gnu/bin/../lib/gcc/nios2-elf/4.1.2/../../../../nios2-elf/lib/mno-hw-mul/libc.a(lib_a-closer.o)
 .data          0x00092e1c        0x0 /tools/altera/12.0/nios2eds/bin/gnu/H-i686-pc-linux-gnu/bin/../lib/gcc/nios2-elf/4.1.2/../../../../nios2-elf/lib/mno-hw-mul/libc.a(lib_a-fclose.o)
 .data          0x00092e1c        0x0 /tools/altera/12.0/nios2eds/bin/gnu/H-i686-pc-linux-gnu/bin/../lib/gcc/nios2-elf/4.1.2/../../../../nios2-elf/lib/mno-hw-mul/libc.a(lib_a-fstatr.o)
 .data          0x00092e1c        0x0 /tools/altera/12.0/nios2eds/bin/gnu/H-i686-pc-linux-gnu/bin/../lib/gcc/nios2-elf/4.1.2/../../../../nios2-elf/lib/mno-hw-mul/libc.a(lib_a-int_errno.o)
 .data          0x00092e1c        0x0 /tools/altera/12.0/nios2eds/bin/gnu/H-i686-pc-linux-gnu/bin/../lib/gcc/nios2-elf/4.1.2/../../../../nios2-elf/lib/mno-hw-mul/libc.a(lib_a-isattyr.o)
 .data          0x00092e1c        0x0 /tools/altera/12.0/nios2eds/bin/gnu/H-i686-pc-linux-gnu/bin/../lib/gcc/nios2-elf/4.1.2/../../../../nios2-elf/lib/mno-hw-mul/libc.a(lib_a-lseekr.o)
 .data          0x00092e1c        0x0 /tools/altera/12.0/nios2eds/bin/gnu/H-i686-pc-linux-gnu/bin/../lib/gcc/nios2-elf/4.1.2/../../../../nios2-elf/lib/mno-hw-mul/libc.a(lib_a-readr.o)
 .data          0x00092e1c        0x0 /tools/altera/12.0/nios2eds/bin/gnu/H-i686-pc-linux-gnu/bin/../lib/gcc/nios2-elf/4.1.2/mno-hw-mul/libgcc.a(_udivdi3.o)
 .data          0x00092e1c        0x0 /tools/altera/12.0/nios2eds/bin/gnu/H-i686-pc-linux-gnu/bin/../lib/gcc/nios2-elf/4.1.2/mno-hw-mul/libgcc.a(_umoddi3.o)
 .data          0x00092e1c        0x0 /tools/altera/12.0/nios2eds/bin/gnu/H-i686-pc-linux-gnu/bin/../lib/gcc/nios2-elf/4.1.2/mno-hw-mul/libgcc.a(_addsub_df.o)
 .data          0x00092e1c        0x0 /tools/altera/12.0/nios2eds/bin/gnu/H-i686-pc-linux-gnu/bin/../lib/gcc/nios2-elf/4.1.2/mno-hw-mul/libgcc.a(_mul_df.o)
 .data          0x00092e1c        0x0 /tools/altera/12.0/nios2eds/bin/gnu/H-i686-pc-linux-gnu/bin/../lib/gcc/nios2-elf/4.1.2/mno-hw-mul/libgcc.a(_div_df.o)
 .data          0x00092e1c        0x0 /tools/altera/12.0/nios2eds/bin/gnu/H-i686-pc-linux-gnu/bin/../lib/gcc/nios2-elf/4.1.2/mno-hw-mul/libgcc.a(_eq_df.o)
 .data          0x00092e1c        0x0 /tools/altera/12.0/nios2eds/bin/gnu/H-i686-pc-linux-gnu/bin/../lib/gcc/nios2-elf/4.1.2/mno-hw-mul/libgcc.a(_ne_df.o)
 .data          0x00092e1c        0x0 /tools/altera/12.0/nios2eds/bin/gnu/H-i686-pc-linux-gnu/bin/../lib/gcc/nios2-elf/4.1.2/mno-hw-mul/libgcc.a(_gt_df.o)
 .data          0x00092e1c        0x0 /tools/altera/12.0/nios2eds/bin/gnu/H-i686-pc-linux-gnu/bin/../lib/gcc/nios2-elf/4.1.2/mno-hw-mul/libgcc.a(_ge_df.o)
 .data          0x00092e1c        0x0 /tools/altera/12.0/nios2eds/bin/gnu/H-i686-pc-linux-gnu/bin/../lib/gcc/nios2-elf/4.1.2/mno-hw-mul/libgcc.a(_lt_df.o)
 .data          0x00092e1c        0x0 /tools/altera/12.0/nios2eds/bin/gnu/H-i686-pc-linux-gnu/bin/../lib/gcc/nios2-elf/4.1.2/mno-hw-mul/libgcc.a(_si_to_df.o)
 .data          0x00092e1c        0x0 /tools/altera/12.0/nios2eds/bin/gnu/H-i686-pc-linux-gnu/bin/../lib/gcc/nios2-elf/4.1.2/mno-hw-mul/libgcc.a(_df_to_si.o)
 .data          0x00092e1c        0x0 /tools/altera/12.0/nios2eds/bin/gnu/H-i686-pc-linux-gnu/bin/../lib/gcc/nios2-elf/4.1.2/mno-hw-mul/libgcc.a(_thenan_df.o)
 .data          0x00092e1c        0x0 /tools/altera/12.0/nios2eds/bin/gnu/H-i686-pc-linux-gnu/bin/../lib/gcc/nios2-elf/4.1.2/mno-hw-mul/libgcc.a(_usi_to_df.o)
 .data          0x00092e1c        0x0 /tools/altera/12.0/nios2eds/bin/gnu/H-i686-pc-linux-gnu/bin/../lib/gcc/nios2-elf/4.1.2/mno-hw-mul/libgcc.a(_muldi3.o)
 .data          0x00092e1c        0x0 /tools/altera/12.0/nios2eds/bin/gnu/H-i686-pc-linux-gnu/bin/../lib/gcc/nios2-elf/4.1.2/mno-hw-mul/libgcc.a(_clz.o)
 .data          0x00092e1c        0x0 /tools/altera/12.0/nios2eds/bin/gnu/H-i686-pc-linux-gnu/bin/../lib/gcc/nios2-elf/4.1.2/mno-hw-mul/libgcc.a(_clzsi2.o)
 .data          0x00092e1c        0x0 /tools/altera/12.0/nios2eds/bin/gnu/H-i686-pc-linux-gnu/bin/../lib/gcc/nios2-elf/4.1.2/mno-hw-mul/libgcc.a(_pack_df.o)
 .data          0x00092e1c        0x0 /tools/altera/12.0/nios2eds/bin/gnu/H-i686-pc-linux-gnu/bin/../lib/gcc/nios2-elf/4.1.2/mno-hw-mul/libgcc.a(_unpack_df.o)
 .data          0x00092e1c        0x0 /tools/altera/12.0/nios2eds/bin/gnu/H-i686-pc-linux-gnu/bin/../lib/gcc/nios2-elf/4.1.2/mno-hw-mul/libgcc.a(_fpcmp_parts_df.o)
 .data          0x00092e1c        0x0 ../experiment3_bsp//libhal_bsp.a(alt_busy_sleep.o)
 .data          0x00092e1c        0x0 ../experiment3_bsp//libhal_bsp.a(alt_close.o)
 .data          0x00092e1c      0x1a8 ../experiment3_bsp//libhal_bsp.a(alt_dev.o)
                0x00092e1c                alt_dev_null
                0x00092e44                alt_fd_list
 .data          0x00092fc4        0x0 ../experiment3_bsp//libhal_bsp.a(alt_errno.o)
 .data          0x00092fc4        0x0 ../experiment3_bsp//libhal_bsp.a(alt_fstat.o)
 .data          0x00092fc4        0x0 ../experiment3_bsp//libhal_bsp.a(alt_irq_register.o)
 .data          0x00092fc4        0x0 ../experiment3_bsp//libhal_bsp.a(alt_irq_vars.o)
 .data          0x00092fc4        0x0 ../experiment3_bsp//libhal_bsp.a(alt_isatty.o)
 .data          0x00092fc4        0x0 ../experiment3_bsp//libhal_bsp.a(alt_load.o)
 .data          0x00092fc4        0x0 ../experiment3_bsp//libhal_bsp.a(alt_lseek.o)
 .data          0x00092fc4        0x0 ../experiment3_bsp//libhal_bsp.a(alt_main.o)
 .data          0x00092fc4        0x0 ../experiment3_bsp//libhal_bsp.a(alt_malloc_lock.o)
 .data          0x00092fc4        0x0 ../experiment3_bsp//libhal_bsp.a(alt_read.o)
 .data          0x00092fc4        0x0 ../experiment3_bsp//libhal_bsp.a(alt_release_fd.o)
 .data          0x00092fc4        0x0 ../experiment3_bsp//libhal_bsp.a(alt_sbrk.o)
 .data          0x00092fc4        0x0 ../experiment3_bsp//libhal_bsp.a(alt_write.o)
 .data          0x00092fc4     0x108c ../experiment3_bsp//libhal_bsp.a(alt_sys_init.o)
 .data          0x00094050        0x0 ../experiment3_bsp//libhal_bsp.a(altera_avalon_jtag_uart_fd.o)
 .data          0x00094050        0x0 ../experiment3_bsp//libhal_bsp.a(altera_avalon_jtag_uart_init.o)
 .data          0x00094050        0x0 ../experiment3_bsp//libhal_bsp.a(altera_avalon_jtag_uart_ioctl.o)
 .data          0x00094050        0x0 ../experiment3_bsp//libhal_bsp.a(altera_avalon_jtag_uart_read.o)
 .data          0x00094050        0x0 ../experiment3_bsp//libhal_bsp.a(altera_avalon_jtag_uart_write.o)
 .data          0x00094050        0x0 ../experiment3_bsp//libhal_bsp.a(alt_alarm_start.o)
 .data          0x00094050        0x0 ../experiment3_bsp//libhal_bsp.a(alt_dcache_flush_all.o)
 .data          0x00094050        0x0 ../experiment3_bsp//libhal_bsp.a(alt_dev_llist_insert.o)
 .data          0x00094050        0x0 ../experiment3_bsp//libhal_bsp.a(alt_do_ctors.o)
 .data          0x00094050        0x0 ../experiment3_bsp//libhal_bsp.a(alt_do_dtors.o)
 .data          0x00094050        0x0 ../experiment3_bsp//libhal_bsp.a(alt_icache_flush_all.o)
 .data          0x00094050        0x0 ../experiment3_bsp//libhal_bsp.a(alt_iic.o)
 .data          0x00094050        0x0 ../experiment3_bsp//libhal_bsp.a(alt_iic_isr_register.o)
 .data          0x00094050        0x0 ../experiment3_bsp//libhal_bsp.a(alt_io_redirect.o)
 .data          0x00094050        0x0 ../experiment3_bsp//libhal_bsp.a(alt_irq_entry.o)
 .data          0x00094050        0x0 ../experiment3_bsp//libhal_bsp.a(alt_irq_handler.o)
 .data          0x00094050        0x0 ../experiment3_bsp//libhal_bsp.a(alt_open.o)
 .data          0x00094050        0x0 ../experiment3_bsp//libhal_bsp.a(alt_tick.o)
 .data          0x00094050        0x0 ../experiment3_bsp//libhal_bsp.a(altera_nios2_qsys_irq.o)
 .data          0x00094050        0x0 ../experiment3_bsp//libhal_bsp.a(alt_exception_entry.o)
 .data          0x00094050        0x0 ../experiment3_bsp//libhal_bsp.a(alt_find_dev.o)
 .data          0x00094050        0x0 ../experiment3_bsp//libhal_bsp.a(alt_find_file.o)
 .data          0x00094050        0x0 ../experiment3_bsp//libhal_bsp.a(alt_get_fd.o)
 .data          0x00094050        0x0 /tools/altera/12.0/nios2eds/bin/gnu/H-i686-pc-linux-gnu/bin/../lib/gcc/nios2-elf/4.1.2/../../../../nios2-elf/lib/mno-hw-mul/libc.a(lib_a-atexit.o)
 .data          0x00094050        0x0 /tools/altera/12.0/nios2eds/bin/gnu/H-i686-pc-linux-gnu/bin/../lib/gcc/nios2-elf/4.1.2/../../../../nios2-elf/lib/mno-hw-mul/libc.a(lib_a-exit.o)
 .data          0x00094050        0x0 /tools/altera/12.0/nios2eds/bin/gnu/H-i686-pc-linux-gnu/bin/../lib/gcc/nios2-elf/4.1.2/../../../../nios2-elf/lib/mno-hw-mul/libc.a(lib_a-memcmp.o)
 .data          0x00094050        0x0 /tools/altera/12.0/nios2eds/bin/gnu/H-i686-pc-linux-gnu/bin/../lib/gcc/nios2-elf/4.1.2/../../../../nios2-elf/lib/mno-hw-mul/libc.a(lib_a-__atexit.o)
 .data          0x00094050        0x0 /tools/altera/12.0/nios2eds/bin/gnu/H-i686-pc-linux-gnu/bin/../lib/gcc/nios2-elf/4.1.2/../../../../nios2-elf/lib/mno-hw-mul/libc.a(lib_a-__call_atexit.o)
 .data          0x00094050        0x0 ../experiment3_bsp//libhal_bsp.a(alt_exit.o)
                0x0009c050                _gp = ABSOLUTE ((. + 0x8000))
                0x0009c050                PROVIDE (gp, _gp)
 *(.rwdata .rwdata.*)
 *(.sdata .sdata.* .gnu.linkonce.s.*)
 .sdata         0x00094050        0xc obj/default/LCD_Camera_TouchPanel.o
 .sdata         0x0009405c        0x8 /tools/altera/12.0/nios2eds/bin/gnu/H-i686-pc-linux-gnu/bin/../lib/gcc/nios2-elf/4.1.2/../../../../nios2-elf/lib/mno-hw-mul/libc.a(lib_a-impure.o)
                0x0009405c                _impure_ptr
                0x00094060                _global_impure_ptr
 .sdata         0x00094064        0x8 /tools/altera/12.0/nios2eds/bin/gnu/H-i686-pc-linux-gnu/bin/../lib/gcc/nios2-elf/4.1.2/../../../../nios2-elf/lib/mno-hw-mul/libc.a(lib_a-locale.o)
                0x00094064                __mb_cur_max
 .sdata         0x0009406c        0x8 /tools/altera/12.0/nios2eds/bin/gnu/H-i686-pc-linux-gnu/bin/../lib/gcc/nios2-elf/4.1.2/../../../../nios2-elf/lib/mno-hw-mul/libc.a(lib_a-mallocr.o)
                0x0009406c                __malloc_trim_threshold
                0x00094070                __malloc_sbrk_base
 .sdata         0x00094074       0x14 ../experiment3_bsp//libhal_bsp.a(alt_dev.o)
                0x00094074                alt_fs_list
                0x0009407c                alt_dev_list
                0x00094084                alt_max_fd
 .sdata         0x00094088        0x4 ../experiment3_bsp//libhal_bsp.a(alt_errno.o)
                0x00094088                alt_errno
 .sdata         0x0009408c        0x4 ../experiment3_bsp//libhal_bsp.a(alt_irq_vars.o)
                0x0009408c                alt_priority_mask
 .sdata         0x00094090        0x4 ../experiment3_bsp//libhal_bsp.a(alt_sbrk.o)
 .sdata         0x00094094        0x8 ../experiment3_bsp//libhal_bsp.a(alt_tick.o)
                0x00094094                alt_alarm_list
 *(.sdata2 .sdata2.* .gnu.linkonce.s2.*)
                0x0009409c                . = ALIGN (0x4)
                0x0009409c                _edata = ABSOLUTE (.)
                0x0009409c                PROVIDE (edata, ABSOLUTE (.))
                0x0009409c                PROVIDE (__ram_rwdata_end, ABSOLUTE (.))
                0x0009409c                PROVIDE (__flash_rwdata_start, LOADADDR (.rwdata))

.bss            0x00095b30     0x1004
                0x00095b30                __bss_start = ABSOLUTE (.)
                0x00095b30                PROVIDE (__sbss_start, ABSOLUTE (.))
                0x00095b30                PROVIDE (___sbss_start, ABSOLUTE (.))
 *(.dynsbss)
 *(.sbss .sbss.* .gnu.linkonce.sb.*)
 .sbss          0x00095b30        0x4 obj/default/LCD_Camera_TouchPanel.o
 .sbss          0x00095b34       0x2c obj/default/SD_card_controller.o
                0x00095b34                initialized
                0x00095b38                is_sd_card_formated_as_FAT16
                0x00095b3c                aux_status_register
                0x00095b40                status_register
                0x00095b44                CSD_register_w0
                0x00095b48                command_register
                0x00095b4c                command_argument_register
                0x00095b50                fat_partition_offset_in_512_byte_sectors
                0x00095b54                fat_partition_size_in_512_byte_sectors
                0x00095b58                current_sector_modified
                0x00095b5c                current_sector_index
 .sbss          0x00095b60        0xc /tools/altera/12.0/nios2eds/bin/gnu/H-i686-pc-linux-gnu/bin/../lib/gcc/nios2-elf/4.1.2/../../../../nios2-elf/lib/mno-hw-mul/libc.a(lib_a-locale.o)
                0x00095b60                __nlocale_changed
                0x00095b64                __mlocale_changed
                0x00095b68                _PathLocale
 .sbss          0x00095b6c        0xc /tools/altera/12.0/nios2eds/bin/gnu/H-i686-pc-linux-gnu/bin/../lib/gcc/nios2-elf/4.1.2/../../../../nios2-elf/lib/mno-hw-mul/libc.a(lib_a-mallocr.o)
                0x00095b6c                __malloc_top_pad
                0x00095b70                __malloc_max_sbrked_mem
                0x00095b74                __malloc_max_total_mem
 .sbss          0x00095b78        0x4 /tools/altera/12.0/nios2eds/bin/gnu/H-i686-pc-linux-gnu/bin/../lib/gcc/nios2-elf/4.1.2/../../../../nios2-elf/lib/mno-hw-mul/libc.a(lib_a-int_errno.o)
                0x00095b78                errno
 .sbss          0x00095b7c        0x4 ../experiment3_bsp//libhal_bsp.a(alt_irq_vars.o)
                0x00095b7c                alt_irq_active
 .sbss          0x00095b80        0xc ../experiment3_bsp//libhal_bsp.a(alt_main.o)
                0x00095b80                alt_argc
                0x00095b84                alt_argv
                0x00095b88                alt_envp
 .sbss          0x00095b8c        0x8 ../experiment3_bsp//libhal_bsp.a(alt_tick.o)
                0x00095b8c                _alt_tick_rate
                0x00095b90                _alt_nticks
 *(.sbss2 .sbss2.* .gnu.linkonce.sb2.*)
 *(.scommon)
                0x00095b94                PROVIDE (__sbss_end, ABSOLUTE (.))
                0x00095b94                PROVIDE (___sbss_end, ABSOLUTE (.))
 *(.dynbss)
 *(.bss .bss.* .gnu.linkonce.b.*)
 .bss           0x00095b94        0x0 ../experiment3_bsp//obj/HAL/src/crt0.o
 .bss           0x00095b94        0x0 obj/default/LCD_Camera_TouchPanel.o
 .bss           0x00095b94        0x0 obj/default/PB_button.o
 .bss           0x00095b94        0x0 obj/default/SD_card_controller.o
 .bss           0x00095b94        0x0 obj/default/experiment3.o
 .bss           0x00095b94        0x0 /tools/altera/12.0/nios2eds/bin/gnu/H-i686-pc-linux-gnu/bin/../lib/gcc/nios2-elf/4.1.2/mno-hw-mul/libgcc.a(lib2-divmod.o)
 .bss           0x00095b94        0x0 /tools/altera/12.0/nios2eds/bin/gnu/H-i686-pc-linux-gnu/bin/../lib/gcc/nios2-elf/4.1.2/mno-hw-mul/libgcc.a(lib2-mul.o)
 .bss           0x00095b94        0x0 /tools/altera/12.0/nios2eds/bin/gnu/H-i686-pc-linux-gnu/bin/../lib/gcc/nios2-elf/4.1.2/../../../../nios2-elf/lib/mno-hw-mul/libc.a(lib_a-printf.o)
 .bss           0x00095b94        0x0 /tools/altera/12.0/nios2eds/bin/gnu/H-i686-pc-linux-gnu/bin/../lib/gcc/nios2-elf/4.1.2/../../../../nios2-elf/lib/mno-hw-mul/libc.a(lib_a-puts.o)
 .bss           0x00095b94        0x0 /tools/altera/12.0/nios2eds/bin/gnu/H-i686-pc-linux-gnu/bin/../lib/gcc/nios2-elf/4.1.2/../../../../nios2-elf/lib/mno-hw-mul/libc.a(lib_a-sprintf.o)
 .bss           0x00095b94        0x0 /tools/altera/12.0/nios2eds/bin/gnu/H-i686-pc-linux-gnu/bin/../lib/gcc/nios2-elf/4.1.2/../../../../nios2-elf/lib/mno-hw-mul/libc.a(lib_a-strlen.o)
 .bss           0x00095b94        0x0 /tools/altera/12.0/nios2eds/bin/gnu/H-i686-pc-linux-gnu/bin/../lib/gcc/nios2-elf/4.1.2/../../../../nios2-elf/lib/mno-hw-mul/libc.a(lib_a-vfprintf.o)
 .bss           0x00095b94        0x0 /tools/altera/12.0/nios2eds/bin/gnu/H-i686-pc-linux-gnu/bin/../lib/gcc/nios2-elf/4.1.2/../../../../nios2-elf/lib/mno-hw-mul/libc.a(lib_a-wsetup.o)
 .bss           0x00095b94        0x0 /tools/altera/12.0/nios2eds/bin/gnu/H-i686-pc-linux-gnu/bin/../lib/gcc/nios2-elf/4.1.2/../../../../nios2-elf/lib/mno-hw-mul/libc.a(lib_a-dtoa.o)
 .bss           0x00095b94        0x0 /tools/altera/12.0/nios2eds/bin/gnu/H-i686-pc-linux-gnu/bin/../lib/gcc/nios2-elf/4.1.2/../../../../nios2-elf/lib/mno-hw-mul/libc.a(lib_a-fflush.o)
 .bss           0x00095b94        0x0 /tools/altera/12.0/nios2eds/bin/gnu/H-i686-pc-linux-gnu/bin/../lib/gcc/nios2-elf/4.1.2/../../../../nios2-elf/lib/mno-hw-mul/libc.a(lib_a-findfp.o)
 .bss           0x00095b94        0x0 /tools/altera/12.0/nios2eds/bin/gnu/H-i686-pc-linux-gnu/bin/../lib/gcc/nios2-elf/4.1.2/../../../../nios2-elf/lib/mno-hw-mul/libc.a(lib_a-freer.o)
 .bss           0x00095b94        0x0 /tools/altera/12.0/nios2eds/bin/gnu/H-i686-pc-linux-gnu/bin/../lib/gcc/nios2-elf/4.1.2/../../../../nios2-elf/lib/mno-hw-mul/libc.a(lib_a-fvwrite.o)
 .bss           0x00095b94        0x0 /tools/altera/12.0/nios2eds/bin/gnu/H-i686-pc-linux-gnu/bin/../lib/gcc/nios2-elf/4.1.2/../../../../nios2-elf/lib/mno-hw-mul/libc.a(lib_a-fwalk.o)
 .bss           0x00095b94        0x0 /tools/altera/12.0/nios2eds/bin/gnu/H-i686-pc-linux-gnu/bin/../lib/gcc/nios2-elf/4.1.2/../../../../nios2-elf/lib/mno-hw-mul/libc.a(lib_a-impure.o)
 .bss           0x00095b94        0x0 /tools/altera/12.0/nios2eds/bin/gnu/H-i686-pc-linux-gnu/bin/../lib/gcc/nios2-elf/4.1.2/../../../../nios2-elf/lib/mno-hw-mul/libc.a(lib_a-locale.o)
 .bss           0x00095b94        0x0 /tools/altera/12.0/nios2eds/bin/gnu/H-i686-pc-linux-gnu/bin/../lib/gcc/nios2-elf/4.1.2/../../../../nios2-elf/lib/mno-hw-mul/libc.a(lib_a-makebuf.o)
 .bss           0x00095b94       0x28 /tools/altera/12.0/nios2eds/bin/gnu/H-i686-pc-linux-gnu/bin/../lib/gcc/nios2-elf/4.1.2/../../../../nios2-elf/lib/mno-hw-mul/libc.a(lib_a-mallocr.o)
                0x00095b94                __malloc_current_mallinfo
 .bss           0x00095bbc        0x0 /tools/altera/12.0/nios2eds/bin/gnu/H-i686-pc-linux-gnu/bin/../lib/gcc/nios2-elf/4.1.2/../../../../nios2-elf/lib/mno-hw-mul/libc.a(lib_a-memchr.o)
 .bss           0x00095bbc        0x0 /tools/altera/12.0/nios2eds/bin/gnu/H-i686-pc-linux-gnu/bin/../lib/gcc/nios2-elf/4.1.2/../../../../nios2-elf/lib/mno-hw-mul/libc.a(lib_a-memcpy.o)
 .bss           0x00095bbc        0x0 /tools/altera/12.0/nios2eds/bin/gnu/H-i686-pc-linux-gnu/bin/../lib/gcc/nios2-elf/4.1.2/../../../../nios2-elf/lib/mno-hw-mul/libc.a(lib_a-memmove.o)
 .bss           0x00095bbc        0x0 /tools/altera/12.0/nios2eds/bin/gnu/H-i686-pc-linux-gnu/bin/../lib/gcc/nios2-elf/4.1.2/../../../../nios2-elf/lib/mno-hw-mul/libc.a(lib_a-memset.o)
 .bss           0x00095bbc        0x0 /tools/altera/12.0/nios2eds/bin/gnu/H-i686-pc-linux-gnu/bin/../lib/gcc/nios2-elf/4.1.2/../../../../nios2-elf/lib/mno-hw-mul/libc.a(lib_a-mprec.o)
 .bss           0x00095bbc        0x0 /tools/altera/12.0/nios2eds/bin/gnu/H-i686-pc-linux-gnu/bin/../lib/gcc/nios2-elf/4.1.2/../../../../nios2-elf/lib/mno-hw-mul/libc.a(lib_a-reallocr.o)
 .bss           0x00095bbc        0x0 /tools/altera/12.0/nios2eds/bin/gnu/H-i686-pc-linux-gnu/bin/../lib/gcc/nios2-elf/4.1.2/../../../../nios2-elf/lib/mno-hw-mul/libc.a(lib_a-s_isinfd.o)
 .bss           0x00095bbc        0x0 /tools/altera/12.0/nios2eds/bin/gnu/H-i686-pc-linux-gnu/bin/../lib/gcc/nios2-elf/4.1.2/../../../../nios2-elf/lib/mno-hw-mul/libc.a(lib_a-s_isnand.o)
 .bss           0x00095bbc        0x0 /tools/altera/12.0/nios2eds/bin/gnu/H-i686-pc-linux-gnu/bin/../lib/gcc/nios2-elf/4.1.2/../../../../nios2-elf/lib/mno-hw-mul/libc.a(lib_a-sbrkr.o)
 .bss           0x00095bbc        0x0 /tools/altera/12.0/nios2eds/bin/gnu/H-i686-pc-linux-gnu/bin/../lib/gcc/nios2-elf/4.1.2/../../../../nios2-elf/lib/mno-hw-mul/libc.a(lib_a-stdio.o)
 .bss           0x00095bbc        0x0 /tools/altera/12.0/nios2eds/bin/gnu/H-i686-pc-linux-gnu/bin/../lib/gcc/nios2-elf/4.1.2/../../../../nios2-elf/lib/mno-hw-mul/libc.a(lib_a-strcmp.o)
 .bss           0x00095bbc        0x0 /tools/altera/12.0/nios2eds/bin/gnu/H-i686-pc-linux-gnu/bin/../lib/gcc/nios2-elf/4.1.2/../../../../nios2-elf/lib/mno-hw-mul/libc.a(lib_a-writer.o)
 .bss           0x00095bbc        0x0 /tools/altera/12.0/nios2eds/bin/gnu/H-i686-pc-linux-gnu/bin/../lib/gcc/nios2-elf/4.1.2/../../../../nios2-elf/lib/mno-hw-mul/libc.a(lib_a-callocr.o)
 .bss           0x00095bbc        0x0 /tools/altera/12.0/nios2eds/bin/gnu/H-i686-pc-linux-gnu/bin/../lib/gcc/nios2-elf/4.1.2/../../../../nios2-elf/lib/mno-hw-mul/libc.a(lib_a-closer.o)
 .bss           0x00095bbc        0x0 /tools/altera/12.0/nios2eds/bin/gnu/H-i686-pc-linux-gnu/bin/../lib/gcc/nios2-elf/4.1.2/../../../../nios2-elf/lib/mno-hw-mul/libc.a(lib_a-fclose.o)
 .bss           0x00095bbc        0x0 /tools/altera/12.0/nios2eds/bin/gnu/H-i686-pc-linux-gnu/bin/../lib/gcc/nios2-elf/4.1.2/../../../../nios2-elf/lib/mno-hw-mul/libc.a(lib_a-fstatr.o)
 .bss           0x00095bbc        0x0 /tools/altera/12.0/nios2eds/bin/gnu/H-i686-pc-linux-gnu/bin/../lib/gcc/nios2-elf/4.1.2/../../../../nios2-elf/lib/mno-hw-mul/libc.a(lib_a-int_errno.o)
 .bss           0x00095bbc        0x0 /tools/altera/12.0/nios2eds/bin/gnu/H-i686-pc-linux-gnu/bin/../lib/gcc/nios2-elf/4.1.2/../../../../nios2-elf/lib/mno-hw-mul/libc.a(lib_a-isattyr.o)
 .bss           0x00095bbc        0x0 /tools/altera/12.0/nios2eds/bin/gnu/H-i686-pc-linux-gnu/bin/../lib/gcc/nios2-elf/4.1.2/../../../../nios2-elf/lib/mno-hw-mul/libc.a(lib_a-lseekr.o)
 .bss           0x00095bbc        0x0 /tools/altera/12.0/nios2eds/bin/gnu/H-i686-pc-linux-gnu/bin/../lib/gcc/nios2-elf/4.1.2/../../../../nios2-elf/lib/mno-hw-mul/libc.a(lib_a-readr.o)
 .bss           0x00095bbc        0x0 /tools/altera/12.0/nios2eds/bin/gnu/H-i686-pc-linux-gnu/bin/../lib/gcc/nios2-elf/4.1.2/mno-hw-mul/libgcc.a(_udivdi3.o)
 .bss           0x00095bbc        0x0 /tools/altera/12.0/nios2eds/bin/gnu/H-i686-pc-linux-gnu/bin/../lib/gcc/nios2-elf/4.1.2/mno-hw-mul/libgcc.a(_umoddi3.o)
 .bss           0x00095bbc        0x0 /tools/altera/12.0/nios2eds/bin/gnu/H-i686-pc-linux-gnu/bin/../lib/gcc/nios2-elf/4.1.2/mno-hw-mul/libgcc.a(_addsub_df.o)
 .bss           0x00095bbc        0x0 /tools/altera/12.0/nios2eds/bin/gnu/H-i686-pc-linux-gnu/bin/../lib/gcc/nios2-elf/4.1.2/mno-hw-mul/libgcc.a(_mul_df.o)
 .bss           0x00095bbc        0x0 /tools/altera/12.0/nios2eds/bin/gnu/H-i686-pc-linux-gnu/bin/../lib/gcc/nios2-elf/4.1.2/mno-hw-mul/libgcc.a(_div_df.o)
 .bss           0x00095bbc        0x0 /tools/altera/12.0/nios2eds/bin/gnu/H-i686-pc-linux-gnu/bin/../lib/gcc/nios2-elf/4.1.2/mno-hw-mul/libgcc.a(_eq_df.o)
 .bss           0x00095bbc        0x0 /tools/altera/12.0/nios2eds/bin/gnu/H-i686-pc-linux-gnu/bin/../lib/gcc/nios2-elf/4.1.2/mno-hw-mul/libgcc.a(_ne_df.o)
 .bss           0x00095bbc        0x0 /tools/altera/12.0/nios2eds/bin/gnu/H-i686-pc-linux-gnu/bin/../lib/gcc/nios2-elf/4.1.2/mno-hw-mul/libgcc.a(_gt_df.o)
 .bss           0x00095bbc        0x0 /tools/altera/12.0/nios2eds/bin/gnu/H-i686-pc-linux-gnu/bin/../lib/gcc/nios2-elf/4.1.2/mno-hw-mul/libgcc.a(_ge_df.o)
 .bss           0x00095bbc        0x0 /tools/altera/12.0/nios2eds/bin/gnu/H-i686-pc-linux-gnu/bin/../lib/gcc/nios2-elf/4.1.2/mno-hw-mul/libgcc.a(_lt_df.o)
 .bss           0x00095bbc        0x0 /tools/altera/12.0/nios2eds/bin/gnu/H-i686-pc-linux-gnu/bin/../lib/gcc/nios2-elf/4.1.2/mno-hw-mul/libgcc.a(_si_to_df.o)
 .bss           0x00095bbc        0x0 /tools/altera/12.0/nios2eds/bin/gnu/H-i686-pc-linux-gnu/bin/../lib/gcc/nios2-elf/4.1.2/mno-hw-mul/libgcc.a(_df_to_si.o)
 .bss           0x00095bbc        0x0 /tools/altera/12.0/nios2eds/bin/gnu/H-i686-pc-linux-gnu/bin/../lib/gcc/nios2-elf/4.1.2/mno-hw-mul/libgcc.a(_thenan_df.o)
 .bss           0x00095bbc        0x0 /tools/altera/12.0/nios2eds/bin/gnu/H-i686-pc-linux-gnu/bin/../lib/gcc/nios2-elf/4.1.2/mno-hw-mul/libgcc.a(_usi_to_df.o)
 .bss           0x00095bbc        0x0 /tools/altera/12.0/nios2eds/bin/gnu/H-i686-pc-linux-gnu/bin/../lib/gcc/nios2-elf/4.1.2/mno-hw-mul/libgcc.a(_muldi3.o)
 .bss           0x00095bbc        0x0 /tools/altera/12.0/nios2eds/bin/gnu/H-i686-pc-linux-gnu/bin/../lib/gcc/nios2-elf/4.1.2/mno-hw-mul/libgcc.a(_clz.o)
 .bss           0x00095bbc        0x0 /tools/altera/12.0/nios2eds/bin/gnu/H-i686-pc-linux-gnu/bin/../lib/gcc/nios2-elf/4.1.2/mno-hw-mul/libgcc.a(_clzsi2.o)
 .bss           0x00095bbc        0x0 /tools/altera/12.0/nios2eds/bin/gnu/H-i686-pc-linux-gnu/bin/../lib/gcc/nios2-elf/4.1.2/mno-hw-mul/libgcc.a(_pack_df.o)
 .bss           0x00095bbc        0x0 /tools/altera/12.0/nios2eds/bin/gnu/H-i686-pc-linux-gnu/bin/../lib/gcc/nios2-elf/4.1.2/mno-hw-mul/libgcc.a(_unpack_df.o)
 .bss           0x00095bbc        0x0 /tools/altera/12.0/nios2eds/bin/gnu/H-i686-pc-linux-gnu/bin/../lib/gcc/nios2-elf/4.1.2/mno-hw-mul/libgcc.a(_fpcmp_parts_df.o)
 .bss           0x00095bbc        0x0 ../experiment3_bsp//libhal_bsp.a(alt_busy_sleep.o)
 .bss           0x00095bbc        0x0 ../experiment3_bsp//libhal_bsp.a(alt_close.o)
 .bss           0x00095bbc        0x0 ../experiment3_bsp//libhal_bsp.a(alt_dev.o)
 .bss           0x00095bbc        0x0 ../experiment3_bsp//libhal_bsp.a(alt_errno.o)
 .bss           0x00095bbc        0x0 ../experiment3_bsp//libhal_bsp.a(alt_fstat.o)
 .bss           0x00095bbc        0x0 ../experiment3_bsp//libhal_bsp.a(alt_irq_register.o)
 .bss           0x00095bbc        0x0 ../experiment3_bsp//libhal_bsp.a(alt_irq_vars.o)
 .bss           0x00095bbc        0x0 ../experiment3_bsp//libhal_bsp.a(alt_isatty.o)
 .bss           0x00095bbc        0x0 ../experiment3_bsp//libhal_bsp.a(alt_load.o)
 .bss           0x00095bbc        0x0 ../experiment3_bsp//libhal_bsp.a(alt_lseek.o)
 .bss           0x00095bbc        0x0 ../experiment3_bsp//libhal_bsp.a(alt_main.o)
 .bss           0x00095bbc        0x0 ../experiment3_bsp//libhal_bsp.a(alt_malloc_lock.o)
 .bss           0x00095bbc        0x0 ../experiment3_bsp//libhal_bsp.a(alt_read.o)
 .bss           0x00095bbc        0x0 ../experiment3_bsp//libhal_bsp.a(alt_release_fd.o)
 .bss           0x00095bbc        0x0 ../experiment3_bsp//libhal_bsp.a(alt_sbrk.o)
 .bss           0x00095bbc        0x0 ../experiment3_bsp//libhal_bsp.a(alt_write.o)
 .bss           0x00095bbc        0x0 ../experiment3_bsp//libhal_bsp.a(alt_sys_init.o)
 .bss           0x00095bbc        0x0 ../experiment3_bsp//libhal_bsp.a(altera_avalon_jtag_uart_fd.o)
 .bss           0x00095bbc        0x0 ../experiment3_bsp//libhal_bsp.a(altera_avalon_jtag_uart_init.o)
 .bss           0x00095bbc        0x0 ../experiment3_bsp//libhal_bsp.a(altera_avalon_jtag_uart_ioctl.o)
 .bss           0x00095bbc        0x0 ../experiment3_bsp//libhal_bsp.a(altera_avalon_jtag_uart_read.o)
 .bss           0x00095bbc        0x0 ../experiment3_bsp//libhal_bsp.a(altera_avalon_jtag_uart_write.o)
 .bss           0x00095bbc        0x0 ../experiment3_bsp//libhal_bsp.a(alt_alarm_start.o)
 .bss           0x00095bbc        0x0 ../experiment3_bsp//libhal_bsp.a(alt_dcache_flush_all.o)
 .bss           0x00095bbc        0x0 ../experiment3_bsp//libhal_bsp.a(alt_dev_llist_insert.o)
 .bss           0x00095bbc        0x0 ../experiment3_bsp//libhal_bsp.a(alt_do_ctors.o)
 .bss           0x00095bbc        0x0 ../experiment3_bsp//libhal_bsp.a(alt_do_dtors.o)
 .bss           0x00095bbc        0x0 ../experiment3_bsp//libhal_bsp.a(alt_icache_flush_all.o)
 .bss           0x00095bbc        0x0 ../experiment3_bsp//libhal_bsp.a(alt_iic.o)
 .bss           0x00095bbc        0x0 ../experiment3_bsp//libhal_bsp.a(alt_iic_isr_register.o)
 .bss           0x00095bbc        0x0 ../experiment3_bsp//libhal_bsp.a(alt_io_redirect.o)
 .bss           0x00095bbc        0x0 ../experiment3_bsp//libhal_bsp.a(alt_irq_entry.o)
 .bss           0x00095bbc        0x0 ../experiment3_bsp//libhal_bsp.a(alt_irq_handler.o)
 .bss           0x00095bbc        0x0 ../experiment3_bsp//libhal_bsp.a(alt_open.o)
 .bss           0x00095bbc        0x0 ../experiment3_bsp//libhal_bsp.a(alt_tick.o)
 .bss           0x00095bbc        0x0 ../experiment3_bsp//libhal_bsp.a(altera_nios2_qsys_irq.o)
 .bss           0x00095bbc        0x0 ../experiment3_bsp//libhal_bsp.a(alt_exception_entry.o)
 .bss           0x00095bbc        0x0 ../experiment3_bsp//libhal_bsp.a(alt_find_dev.o)
 .bss           0x00095bbc        0x0 ../experiment3_bsp//libhal_bsp.a(alt_find_file.o)
 .bss           0x00095bbc        0x0 ../experiment3_bsp//libhal_bsp.a(alt_get_fd.o)
 .bss           0x00095bbc        0x0 /tools/altera/12.0/nios2eds/bin/gnu/H-i686-pc-linux-gnu/bin/../lib/gcc/nios2-elf/4.1.2/../../../../nios2-elf/lib/mno-hw-mul/libc.a(lib_a-atexit.o)
 .bss           0x00095bbc        0x0 /tools/altera/12.0/nios2eds/bin/gnu/H-i686-pc-linux-gnu/bin/../lib/gcc/nios2-elf/4.1.2/../../../../nios2-elf/lib/mno-hw-mul/libc.a(lib_a-exit.o)
 .bss           0x00095bbc        0x0 /tools/altera/12.0/nios2eds/bin/gnu/H-i686-pc-linux-gnu/bin/../lib/gcc/nios2-elf/4.1.2/../../../../nios2-elf/lib/mno-hw-mul/libc.a(lib_a-memcmp.o)
 .bss           0x00095bbc        0x0 /tools/altera/12.0/nios2eds/bin/gnu/H-i686-pc-linux-gnu/bin/../lib/gcc/nios2-elf/4.1.2/../../../../nios2-elf/lib/mno-hw-mul/libc.a(lib_a-__atexit.o)
 .bss           0x00095bbc        0x0 /tools/altera/12.0/nios2eds/bin/gnu/H-i686-pc-linux-gnu/bin/../lib/gcc/nios2-elf/4.1.2/../../../../nios2-elf/lib/mno-hw-mul/libc.a(lib_a-__call_atexit.o)
 .bss           0x00095bbc        0x0 ../experiment3_bsp//libhal_bsp.a(alt_exit.o)
 *(COMMON)
 COMMON         0x00095bbc      0x780 obj/default/LCD_Camera_TouchPanel.o
                0x00095bbc                B_vals
                0x00095e3c                G_vals
                0x000960bc                R_vals
 COMMON         0x0009633c      0x568 obj/default/SD_card_controller.o
                0x0009633c                search_data
                0x00096350                boot_sector_data
                0x000963a4                active_files
 COMMON         0x000968a4      0x100 ../experiment3_bsp//libhal_bsp.a(alt_irq_handler.o)
                0x000968a4                alt_irq
 COMMON         0x000969a4      0x190 /tools/altera/12.0/nios2eds/bin/gnu/H-i686-pc-linux-gnu/bin/../lib/gcc/nios2-elf/4.1.2/../../../../nios2-elf/lib/mno-hw-mul/libc.a(lib_a-atexit.o)
                0x000969a4                _atexit0
                0x00096b34                . = ALIGN (0x4)
                0x00096b34                __bss_end = ABSOLUTE (.)

.sram_0         0x00096b34        0x0
                0x00096b34                PROVIDE (_alt_partition_sram_0_start, ABSOLUTE (.))
 *(.sram_0. sram_0.*)
                0x00096b34                . = ALIGN (0x4)
                0x00096b34                PROVIDE (_alt_partition_sram_0_end, ABSOLUTE (.))
                0x00096b34                _end = ABSOLUTE (.)
                0x00096b34                end = ABSOLUTE (.)
                0x00096b34                __alt_stack_base = ABSOLUTE (.)
                0x00096b34                PROVIDE (_alt_partition_sram_0_load_addr, LOADADDR (.sram_0))

.Nios_LCD_Camera_Component_0_Imageline
                0x00100000        0x0 load address 0x00096b34
                0x00100000                PROVIDE (_alt_partition_Nios_LCD_Camera_Component_0_Imageline_start, ABSOLUTE (.))
 *(.Nios_LCD_Camera_Component_0_Imageline. Nios_LCD_Camera_Component_0_Imageline.*)
                0x00100000                . = ALIGN (0x4)
                0x00100000                PROVIDE (_alt_partition_Nios_LCD_Camera_Component_0_Imageline_end, ABSOLUTE (.))
                0x00096b34                PROVIDE (_alt_partition_Nios_LCD_Camera_Component_0_Imageline_load_addr, LOADADDR (.Nios_LCD_Camera_Component_0_Imageline))

.Nios_LCD_Camera_Component_0_Console
                0x00102000        0x0 load address 0x00096b34
                0x00102000                PROVIDE (_alt_partition_Nios_LCD_Camera_Component_0_Console_start, ABSOLUTE (.))
 *(.Nios_LCD_Camera_Component_0_Console. Nios_LCD_Camera_Component_0_Console.*)
                0x00102000                . = ALIGN (0x4)
                0x00102000                PROVIDE (_alt_partition_Nios_LCD_Camera_Component_0_Console_end, ABSOLUTE (.))
                0x00096b34                PROVIDE (_alt_partition_Nios_LCD_Camera_Component_0_Console_load_addr, LOADADDR (.Nios_LCD_Camera_Component_0_Console))

.Nios_LCD_Camera_Component_0_Camera
                0x00105400        0x0 load address 0x00096b34
                0x00105400                PROVIDE (_alt_partition_Nios_LCD_Camera_Component_0_Camera_start, ABSOLUTE (.))
 *(.Nios_LCD_Camera_Component_0_Camera. Nios_LCD_Camera_Component_0_Camera.*)
                0x00105400                . = ALIGN (0x4)
                0x00105400                PROVIDE (_alt_partition_Nios_LCD_Camera_Component_0_Camera_end, ABSOLUTE (.))
                0x00096b34                PROVIDE (_alt_partition_Nios_LCD_Camera_Component_0_Camera_load_addr, LOADADDR (.Nios_LCD_Camera_Component_0_Camera))

.Nios_LCD_Camera_Component_0_Touchpanel
                0x00105440        0x0 load address 0x00096b34
                0x00105440                PROVIDE (_alt_partition_Nios_LCD_Camera_Component_0_Touchpanel_start, ABSOLUTE (.))
 *(.Nios_LCD_Camera_Component_0_Touchpanel. Nios_LCD_Camera_Component_0_Touchpanel.*)
                0x00105440                . = ALIGN (0x4)
                0x00105440                PROVIDE (_alt_partition_Nios_LCD_Camera_Component_0_Touchpanel_end, ABSOLUTE (.))
                0x00096b34                PROVIDE (_alt_partition_Nios_LCD_Camera_Component_0_Touchpanel_load_addr, LOADADDR (.Nios_LCD_Camera_Component_0_Touchpanel))

.stab
 *(.stab)

.stabstr
 *(.stabstr)

.stab.excl
 *(.stab.excl)

.stab.exclstr
 *(.stab.exclstr)

.stab.index
 *(.stab.index)

.stab.indexstr
 *(.stab.indexstr)

.comment        0x00000000       0x23
 *(.comment)
 .comment       0x00000000       0x23 obj/default/LCD_Camera_TouchPanel.o
                                 0x24 (size before relaxing)
 .comment       0x00000000       0x24 obj/default/PB_button.o
 .comment       0x00000000       0x24 obj/default/SD_card_controller.o
 .comment       0x00000000       0x24 obj/default/experiment3.o
 .comment       0x00000000       0x24 /tools/altera/12.0/nios2eds/bin/gnu/H-i686-pc-linux-gnu/bin/../lib/gcc/nios2-elf/4.1.2/mno-hw-mul/libgcc.a(lib2-divmod.o)
 .comment       0x00000000       0x24 /tools/altera/12.0/nios2eds/bin/gnu/H-i686-pc-linux-gnu/bin/../lib/gcc/nios2-elf/4.1.2/mno-hw-mul/libgcc.a(lib2-mul.o)
 .comment       0x00000000       0x24 /tools/altera/12.0/nios2eds/bin/gnu/H-i686-pc-linux-gnu/bin/../lib/gcc/nios2-elf/4.1.2/../../../../nios2-elf/lib/mno-hw-mul/libc.a(lib_a-printf.o)
 .comment       0x00000000       0x24 /tools/altera/12.0/nios2eds/bin/gnu/H-i686-pc-linux-gnu/bin/../lib/gcc/nios2-elf/4.1.2/../../../../nios2-elf/lib/mno-hw-mul/libc.a(lib_a-puts.o)
 .comment       0x00000000       0x24 /tools/altera/12.0/nios2eds/bin/gnu/H-i686-pc-linux-gnu/bin/../lib/gcc/nios2-elf/4.1.2/../../../../nios2-elf/lib/mno-hw-mul/libc.a(lib_a-sprintf.o)
 .comment       0x00000000       0x24 /tools/altera/12.0/nios2eds/bin/gnu/H-i686-pc-linux-gnu/bin/../lib/gcc/nios2-elf/4.1.2/../../../../nios2-elf/lib/mno-hw-mul/libc.a(lib_a-strlen.o)
 .comment       0x00000000       0x24 /tools/altera/12.0/nios2eds/bin/gnu/H-i686-pc-linux-gnu/bin/../lib/gcc/nios2-elf/4.1.2/../../../../nios2-elf/lib/mno-hw-mul/libc.a(lib_a-vfprintf.o)
 .comment       0x00000000       0x24 /tools/altera/12.0/nios2eds/bin/gnu/H-i686-pc-linux-gnu/bin/../lib/gcc/nios2-elf/4.1.2/../../../../nios2-elf/lib/mno-hw-mul/libc.a(lib_a-wsetup.o)
 .comment       0x00000000       0x24 /tools/altera/12.0/nios2eds/bin/gnu/H-i686-pc-linux-gnu/bin/../lib/gcc/nios2-elf/4.1.2/../../../../nios2-elf/lib/mno-hw-mul/libc.a(lib_a-dtoa.o)
 .comment       0x00000000       0x24 /tools/altera/12.0/nios2eds/bin/gnu/H-i686-pc-linux-gnu/bin/../lib/gcc/nios2-elf/4.1.2/../../../../nios2-elf/lib/mno-hw-mul/libc.a(lib_a-fflush.o)
 .comment       0x00000000       0x24 /tools/altera/12.0/nios2eds/bin/gnu/H-i686-pc-linux-gnu/bin/../lib/gcc/nios2-elf/4.1.2/../../../../nios2-elf/lib/mno-hw-mul/libc.a(lib_a-findfp.o)
 .comment       0x00000000       0x24 /tools/altera/12.0/nios2eds/bin/gnu/H-i686-pc-linux-gnu/bin/../lib/gcc/nios2-elf/4.1.2/../../../../nios2-elf/lib/mno-hw-mul/libc.a(lib_a-freer.o)
 .comment       0x00000000       0x24 /tools/altera/12.0/nios2eds/bin/gnu/H-i686-pc-linux-gnu/bin/../lib/gcc/nios2-elf/4.1.2/../../../../nios2-elf/lib/mno-hw-mul/libc.a(lib_a-fvwrite.o)
 .comment       0x00000000       0x24 /tools/altera/12.0/nios2eds/bin/gnu/H-i686-pc-linux-gnu/bin/../lib/gcc/nios2-elf/4.1.2/../../../../nios2-elf/lib/mno-hw-mul/libc.a(lib_a-fwalk.o)
 .comment       0x00000000       0x24 /tools/altera/12.0/nios2eds/bin/gnu/H-i686-pc-linux-gnu/bin/../lib/gcc/nios2-elf/4.1.2/../../../../nios2-elf/lib/mno-hw-mul/libc.a(lib_a-impure.o)
 .comment       0x00000000       0x24 /tools/altera/12.0/nios2eds/bin/gnu/H-i686-pc-linux-gnu/bin/../lib/gcc/nios2-elf/4.1.2/../../../../nios2-elf/lib/mno-hw-mul/libc.a(lib_a-locale.o)
 .comment       0x00000000       0x24 /tools/altera/12.0/nios2eds/bin/gnu/H-i686-pc-linux-gnu/bin/../lib/gcc/nios2-elf/4.1.2/../../../../nios2-elf/lib/mno-hw-mul/libc.a(lib_a-makebuf.o)
 .comment       0x00000000       0x24 /tools/altera/12.0/nios2eds/bin/gnu/H-i686-pc-linux-gnu/bin/../lib/gcc/nios2-elf/4.1.2/../../../../nios2-elf/lib/mno-hw-mul/libc.a(lib_a-mallocr.o)
 .comment       0x00000000       0x24 /tools/altera/12.0/nios2eds/bin/gnu/H-i686-pc-linux-gnu/bin/../lib/gcc/nios2-elf/4.1.2/../../../../nios2-elf/lib/mno-hw-mul/libc.a(lib_a-memchr.o)
 .comment       0x00000000       0x24 /tools/altera/12.0/nios2eds/bin/gnu/H-i686-pc-linux-gnu/bin/../lib/gcc/nios2-elf/4.1.2/../../../../nios2-elf/lib/mno-hw-mul/libc.a(lib_a-memcpy.o)
 .comment       0x00000000       0x24 /tools/altera/12.0/nios2eds/bin/gnu/H-i686-pc-linux-gnu/bin/../lib/gcc/nios2-elf/4.1.2/../../../../nios2-elf/lib/mno-hw-mul/libc.a(lib_a-memmove.o)
 .comment       0x00000000       0x24 /tools/altera/12.0/nios2eds/bin/gnu/H-i686-pc-linux-gnu/bin/../lib/gcc/nios2-elf/4.1.2/../../../../nios2-elf/lib/mno-hw-mul/libc.a(lib_a-memset.o)
 .comment       0x00000000       0x24 /tools/altera/12.0/nios2eds/bin/gnu/H-i686-pc-linux-gnu/bin/../lib/gcc/nios2-elf/4.1.2/../../../../nios2-elf/lib/mno-hw-mul/libc.a(lib_a-mprec.o)
 .comment       0x00000000       0x24 /tools/altera/12.0/nios2eds/bin/gnu/H-i686-pc-linux-gnu/bin/../lib/gcc/nios2-elf/4.1.2/../../../../nios2-elf/lib/mno-hw-mul/libc.a(lib_a-reallocr.o)
 .comment       0x00000000       0x24 /tools/altera/12.0/nios2eds/bin/gnu/H-i686-pc-linux-gnu/bin/../lib/gcc/nios2-elf/4.1.2/../../../../nios2-elf/lib/mno-hw-mul/libc.a(lib_a-s_isinfd.o)
 .comment       0x00000000       0x24 /tools/altera/12.0/nios2eds/bin/gnu/H-i686-pc-linux-gnu/bin/../lib/gcc/nios2-elf/4.1.2/../../../../nios2-elf/lib/mno-hw-mul/libc.a(lib_a-s_isnand.o)
 .comment       0x00000000       0x24 /tools/altera/12.0/nios2eds/bin/gnu/H-i686-pc-linux-gnu/bin/../lib/gcc/nios2-elf/4.1.2/../../../../nios2-elf/lib/mno-hw-mul/libc.a(lib_a-sbrkr.o)
 .comment       0x00000000       0x24 /tools/altera/12.0/nios2eds/bin/gnu/H-i686-pc-linux-gnu/bin/../lib/gcc/nios2-elf/4.1.2/../../../../nios2-elf/lib/mno-hw-mul/libc.a(lib_a-stdio.o)
 .comment       0x00000000       0x24 /tools/altera/12.0/nios2eds/bin/gnu/H-i686-pc-linux-gnu/bin/../lib/gcc/nios2-elf/4.1.2/../../../../nios2-elf/lib/mno-hw-mul/libc.a(lib_a-strcmp.o)
 .comment       0x00000000       0x24 /tools/altera/12.0/nios2eds/bin/gnu/H-i686-pc-linux-gnu/bin/../lib/gcc/nios2-elf/4.1.2/../../../../nios2-elf/lib/mno-hw-mul/libc.a(lib_a-writer.o)
 .comment       0x00000000       0x24 /tools/altera/12.0/nios2eds/bin/gnu/H-i686-pc-linux-gnu/bin/../lib/gcc/nios2-elf/4.1.2/../../../../nios2-elf/lib/mno-hw-mul/libc.a(lib_a-callocr.o)
 .comment       0x00000000       0x24 /tools/altera/12.0/nios2eds/bin/gnu/H-i686-pc-linux-gnu/bin/../lib/gcc/nios2-elf/4.1.2/../../../../nios2-elf/lib/mno-hw-mul/libc.a(lib_a-closer.o)
 .comment       0x00000000       0x24 /tools/altera/12.0/nios2eds/bin/gnu/H-i686-pc-linux-gnu/bin/../lib/gcc/nios2-elf/4.1.2/../../../../nios2-elf/lib/mno-hw-mul/libc.a(lib_a-fclose.o)
 .comment       0x00000000       0x24 /tools/altera/12.0/nios2eds/bin/gnu/H-i686-pc-linux-gnu/bin/../lib/gcc/nios2-elf/4.1.2/../../../../nios2-elf/lib/mno-hw-mul/libc.a(lib_a-fstatr.o)
 .comment       0x00000000       0x24 /tools/altera/12.0/nios2eds/bin/gnu/H-i686-pc-linux-gnu/bin/../lib/gcc/nios2-elf/4.1.2/../../../../nios2-elf/lib/mno-hw-mul/libc.a(lib_a-int_errno.o)
 .comment       0x00000000       0x24 /tools/altera/12.0/nios2eds/bin/gnu/H-i686-pc-linux-gnu/bin/../lib/gcc/nios2-elf/4.1.2/../../../../nios2-elf/lib/mno-hw-mul/libc.a(lib_a-isattyr.o)
 .comment       0x00000000       0x24 /tools/altera/12.0/nios2eds/bin/gnu/H-i686-pc-linux-gnu/bin/../lib/gcc/nios2-elf/4.1.2/../../../../nios2-elf/lib/mno-hw-mul/libc.a(lib_a-lseekr.o)
 .comment       0x00000000       0x24 /tools/altera/12.0/nios2eds/bin/gnu/H-i686-pc-linux-gnu/bin/../lib/gcc/nios2-elf/4.1.2/../../../../nios2-elf/lib/mno-hw-mul/libc.a(lib_a-readr.o)
 .comment       0x00000000       0x24 /tools/altera/12.0/nios2eds/bin/gnu/H-i686-pc-linux-gnu/bin/../lib/gcc/nios2-elf/4.1.2/mno-hw-mul/libgcc.a(_udivdi3.o)
 .comment       0x00000000       0x24 /tools/altera/12.0/nios2eds/bin/gnu/H-i686-pc-linux-gnu/bin/../lib/gcc/nios2-elf/4.1.2/mno-hw-mul/libgcc.a(_umoddi3.o)
 .comment       0x00000000       0x24 /tools/altera/12.0/nios2eds/bin/gnu/H-i686-pc-linux-gnu/bin/../lib/gcc/nios2-elf/4.1.2/mno-hw-mul/libgcc.a(_addsub_df.o)
 .comment       0x00000000       0x24 /tools/altera/12.0/nios2eds/bin/gnu/H-i686-pc-linux-gnu/bin/../lib/gcc/nios2-elf/4.1.2/mno-hw-mul/libgcc.a(_mul_df.o)
 .comment       0x00000000       0x24 /tools/altera/12.0/nios2eds/bin/gnu/H-i686-pc-linux-gnu/bin/../lib/gcc/nios2-elf/4.1.2/mno-hw-mul/libgcc.a(_div_df.o)
 .comment       0x00000000       0x24 /tools/altera/12.0/nios2eds/bin/gnu/H-i686-pc-linux-gnu/bin/../lib/gcc/nios2-elf/4.1.2/mno-hw-mul/libgcc.a(_eq_df.o)
 .comment       0x00000000       0x24 /tools/altera/12.0/nios2eds/bin/gnu/H-i686-pc-linux-gnu/bin/../lib/gcc/nios2-elf/4.1.2/mno-hw-mul/libgcc.a(_ne_df.o)
 .comment       0x00000000       0x24 /tools/altera/12.0/nios2eds/bin/gnu/H-i686-pc-linux-gnu/bin/../lib/gcc/nios2-elf/4.1.2/mno-hw-mul/libgcc.a(_gt_df.o)
 .comment       0x00000000       0x24 /tools/altera/12.0/nios2eds/bin/gnu/H-i686-pc-linux-gnu/bin/../lib/gcc/nios2-elf/4.1.2/mno-hw-mul/libgcc.a(_ge_df.o)
 .comment       0x00000000       0x24 /tools/altera/12.0/nios2eds/bin/gnu/H-i686-pc-linux-gnu/bin/../lib/gcc/nios2-elf/4.1.2/mno-hw-mul/libgcc.a(_lt_df.o)
 .comment       0x00000000       0x24 /tools/altera/12.0/nios2eds/bin/gnu/H-i686-pc-linux-gnu/bin/../lib/gcc/nios2-elf/4.1.2/mno-hw-mul/libgcc.a(_si_to_df.o)
 .comment       0x00000000       0x24 /tools/altera/12.0/nios2eds/bin/gnu/H-i686-pc-linux-gnu/bin/../lib/gcc/nios2-elf/4.1.2/mno-hw-mul/libgcc.a(_df_to_si.o)
 .comment       0x00000000       0x24 /tools/altera/12.0/nios2eds/bin/gnu/H-i686-pc-linux-gnu/bin/../lib/gcc/nios2-elf/4.1.2/mno-hw-mul/libgcc.a(_thenan_df.o)
 .comment       0x00000000       0x24 /tools/altera/12.0/nios2eds/bin/gnu/H-i686-pc-linux-gnu/bin/../lib/gcc/nios2-elf/4.1.2/mno-hw-mul/libgcc.a(_usi_to_df.o)
 .comment       0x00000000       0x24 /tools/altera/12.0/nios2eds/bin/gnu/H-i686-pc-linux-gnu/bin/../lib/gcc/nios2-elf/4.1.2/mno-hw-mul/libgcc.a(_muldi3.o)
 .comment       0x00000000       0x24 /tools/altera/12.0/nios2eds/bin/gnu/H-i686-pc-linux-gnu/bin/../lib/gcc/nios2-elf/4.1.2/mno-hw-mul/libgcc.a(_clz.o)
 .comment       0x00000000       0x24 /tools/altera/12.0/nios2eds/bin/gnu/H-i686-pc-linux-gnu/bin/../lib/gcc/nios2-elf/4.1.2/mno-hw-mul/libgcc.a(_clzsi2.o)
 .comment       0x00000000       0x24 /tools/altera/12.0/nios2eds/bin/gnu/H-i686-pc-linux-gnu/bin/../lib/gcc/nios2-elf/4.1.2/mno-hw-mul/libgcc.a(_pack_df.o)
 .comment       0x00000000       0x24 /tools/altera/12.0/nios2eds/bin/gnu/H-i686-pc-linux-gnu/bin/../lib/gcc/nios2-elf/4.1.2/mno-hw-mul/libgcc.a(_unpack_df.o)
 .comment       0x00000000       0x24 /tools/altera/12.0/nios2eds/bin/gnu/H-i686-pc-linux-gnu/bin/../lib/gcc/nios2-elf/4.1.2/mno-hw-mul/libgcc.a(_fpcmp_parts_df.o)
 .comment       0x00000000       0x24 ../experiment3_bsp//libhal_bsp.a(alt_busy_sleep.o)
 .comment       0x00000000       0x24 ../experiment3_bsp//libhal_bsp.a(alt_close.o)
 .comment       0x00000000       0x24 ../experiment3_bsp//libhal_bsp.a(alt_dev.o)
 .comment       0x00000000       0x24 ../experiment3_bsp//libhal_bsp.a(alt_errno.o)
 .comment       0x00000000       0x24 ../experiment3_bsp//libhal_bsp.a(alt_fstat.o)
 .comment       0x00000000       0x24 ../experiment3_bsp//libhal_bsp.a(alt_irq_register.o)
 .comment       0x00000000       0x24 ../experiment3_bsp//libhal_bsp.a(alt_irq_vars.o)
 .comment       0x00000000       0x24 ../experiment3_bsp//libhal_bsp.a(alt_isatty.o)
 .comment       0x00000000       0x24 ../experiment3_bsp//libhal_bsp.a(alt_load.o)
 .comment       0x00000000       0x24 ../experiment3_bsp//libhal_bsp.a(alt_lseek.o)
 .comment       0x00000000       0x24 ../experiment3_bsp//libhal_bsp.a(alt_main.o)
 .comment       0x00000000       0x24 ../experiment3_bsp//libhal_bsp.a(alt_malloc_lock.o)
 .comment       0x00000000       0x24 ../experiment3_bsp//libhal_bsp.a(alt_read.o)
 .comment       0x00000000       0x24 ../experiment3_bsp//libhal_bsp.a(alt_release_fd.o)
 .comment       0x00000000       0x24 ../experiment3_bsp//libhal_bsp.a(alt_sbrk.o)
 .comment       0x00000000       0x24 ../experiment3_bsp//libhal_bsp.a(alt_write.o)
 .comment       0x00000000       0x24 ../experiment3_bsp//libhal_bsp.a(alt_sys_init.o)
 .comment       0x00000000       0x24 ../experiment3_bsp//libhal_bsp.a(altera_avalon_jtag_uart_fd.o)
 .comment       0x00000000       0x24 ../experiment3_bsp//libhal_bsp.a(altera_avalon_jtag_uart_init.o)
 .comment       0x00000000       0x24 ../experiment3_bsp//libhal_bsp.a(altera_avalon_jtag_uart_ioctl.o)
 .comment       0x00000000       0x24 ../experiment3_bsp//libhal_bsp.a(altera_avalon_jtag_uart_read.o)
 .comment       0x00000000       0x24 ../experiment3_bsp//libhal_bsp.a(altera_avalon_jtag_uart_write.o)
 .comment       0x00000000       0x24 ../experiment3_bsp//libhal_bsp.a(alt_alarm_start.o)
 .comment       0x00000000       0x24 ../experiment3_bsp//libhal_bsp.a(alt_dcache_flush_all.o)
 .comment       0x00000000       0x24 ../experiment3_bsp//libhal_bsp.a(alt_dev_llist_insert.o)
 .comment       0x00000000       0x24 ../experiment3_bsp//libhal_bsp.a(alt_do_ctors.o)
 .comment       0x00000000       0x24 ../experiment3_bsp//libhal_bsp.a(alt_do_dtors.o)
 .comment       0x00000000       0x24 ../experiment3_bsp//libhal_bsp.a(alt_icache_flush_all.o)
 .comment       0x00000000       0x24 ../experiment3_bsp//libhal_bsp.a(alt_iic.o)
 .comment       0x00000000       0x24 ../experiment3_bsp//libhal_bsp.a(alt_iic_isr_register.o)
 .comment       0x00000000       0x24 ../experiment3_bsp//libhal_bsp.a(alt_io_redirect.o)
 .comment       0x00000000       0x24 ../experiment3_bsp//libhal_bsp.a(alt_irq_handler.o)
 .comment       0x00000000       0x24 ../experiment3_bsp//libhal_bsp.a(alt_open.o)
 .comment       0x00000000       0x24 ../experiment3_bsp//libhal_bsp.a(alt_tick.o)
 .comment       0x00000000       0x24 ../experiment3_bsp//libhal_bsp.a(altera_nios2_qsys_irq.o)
 .comment       0x00000000       0x24 ../experiment3_bsp//libhal_bsp.a(alt_find_dev.o)
 .comment       0x00000000       0x24 ../experiment3_bsp//libhal_bsp.a(alt_find_file.o)
 .comment       0x00000000       0x24 ../experiment3_bsp//libhal_bsp.a(alt_get_fd.o)
 .comment       0x00000000       0x24 /tools/altera/12.0/nios2eds/bin/gnu/H-i686-pc-linux-gnu/bin/../lib/gcc/nios2-elf/4.1.2/../../../../nios2-elf/lib/mno-hw-mul/libc.a(lib_a-atexit.o)
 .comment       0x00000000       0x24 /tools/altera/12.0/nios2eds/bin/gnu/H-i686-pc-linux-gnu/bin/../lib/gcc/nios2-elf/4.1.2/../../../../nios2-elf/lib/mno-hw-mul/libc.a(lib_a-exit.o)
 .comment       0x00000000       0x24 /tools/altera/12.0/nios2eds/bin/gnu/H-i686-pc-linux-gnu/bin/../lib/gcc/nios2-elf/4.1.2/../../../../nios2-elf/lib/mno-hw-mul/libc.a(lib_a-memcmp.o)
 .comment       0x00000000       0x24 /tools/altera/12.0/nios2eds/bin/gnu/H-i686-pc-linux-gnu/bin/../lib/gcc/nios2-elf/4.1.2/../../../../nios2-elf/lib/mno-hw-mul/libc.a(lib_a-__atexit.o)
 .comment       0x00000000       0x24 /tools/altera/12.0/nios2eds/bin/gnu/H-i686-pc-linux-gnu/bin/../lib/gcc/nios2-elf/4.1.2/../../../../nios2-elf/lib/mno-hw-mul/libc.a(lib_a-__call_atexit.o)
 .comment       0x00000000       0x24 ../experiment3_bsp//libhal_bsp.a(alt_exit.o)

.debug
 *(.debug)

.line
 *(.line)

.debug_srcinfo
 *(.debug_srcinfo)

.debug_sfnames
 *(.debug_sfnames)

.debug_aranges  0x00000000      0xd18
 *(.debug_aranges)
 .debug_aranges
                0x00000000       0x28 ../experiment3_bsp//obj/HAL/src/crt0.o
 .debug_aranges
                0x00000028       0x20 obj/default/LCD_Camera_TouchPanel.o
 .debug_aranges
                0x00000048       0x20 obj/default/PB_button.o
 .debug_aranges
                0x00000068       0x20 obj/default/SD_card_controller.o
 .debug_aranges
                0x00000088       0x20 obj/default/experiment3.o
 .debug_aranges
                0x000000a8       0x20 /tools/altera/12.0/nios2eds/bin/gnu/H-i686-pc-linux-gnu/bin/../lib/gcc/nios2-elf/4.1.2/mno-hw-mul/libgcc.a(lib2-divmod.o)
 .debug_aranges
                0x000000c8       0x20 /tools/altera/12.0/nios2eds/bin/gnu/H-i686-pc-linux-gnu/bin/../lib/gcc/nios2-elf/4.1.2/mno-hw-mul/libgcc.a(lib2-mul.o)
 .debug_aranges
                0x000000e8       0x20 /tools/altera/12.0/nios2eds/bin/gnu/H-i686-pc-linux-gnu/bin/../lib/gcc/nios2-elf/4.1.2/../../../../nios2-elf/lib/mno-hw-mul/libc.a(lib_a-printf.o)
 .debug_aranges
                0x00000108       0x20 /tools/altera/12.0/nios2eds/bin/gnu/H-i686-pc-linux-gnu/bin/../lib/gcc/nios2-elf/4.1.2/../../../../nios2-elf/lib/mno-hw-mul/libc.a(lib_a-puts.o)
 .debug_aranges
                0x00000128       0x20 /tools/altera/12.0/nios2eds/bin/gnu/H-i686-pc-linux-gnu/bin/../lib/gcc/nios2-elf/4.1.2/../../../../nios2-elf/lib/mno-hw-mul/libc.a(lib_a-sprintf.o)
 .debug_aranges
                0x00000148       0x20 /tools/altera/12.0/nios2eds/bin/gnu/H-i686-pc-linux-gnu/bin/../lib/gcc/nios2-elf/4.1.2/../../../../nios2-elf/lib/mno-hw-mul/libc.a(lib_a-strlen.o)
 .debug_aranges
                0x00000168       0x20 /tools/altera/12.0/nios2eds/bin/gnu/H-i686-pc-linux-gnu/bin/../lib/gcc/nios2-elf/4.1.2/../../../../nios2-elf/lib/mno-hw-mul/libc.a(lib_a-vfprintf.o)
 .debug_aranges